<html>
<body>
<pre>
<h1>µVision Build Log</h1>
<h2>Project:</h2>
C:\BBflight\BBFLIGHT_RADIO_FIRMWARE_1.0_KEIL\BBFLIGHT_RADIOv100.uvprojx
Project File Date:  03/30/2016

<h2>Output:</h2>
Rebuild target 'BBFLIGHT_RADIO'
compiling main.c...
compiling systeminit.c...
compiling system_loop.c...
compiling adc.c...
compiling debug.c...
User\debug.c(68): warning:  #167-D: argument of type "uint8_t *" is incompatible with parameter of type "char *restrict"
        length = vsprintf(BUF, TarStr, args);
User\debug.c(68): warning:  #167-D: argument of type "uint8_t *" is incompatible with parameter of type "const char *restrict"
        length = vsprintf(BUF, TarStr, args);
User\debug.c: 2 warnings, 0 errors
compiling delay.c...
compiling spinrf.c...
compiling usb2com.c...
compiling hw_config.c...
compiling Queue.c...
compiling usb_desc.c...
compiling usb_endp.c...
compiling usb_istr.c...
compiling usb_it.c...
compiling usb_prop.c...
compiling usb_pwr.c...
compiling usb_core.c...
compiling usb_init.c...
compiling usb_int.c...
compiling usb_mem.c...
compiling usb_regs.c...
compiling usb_sil.c...
compiling misc.c...
compiling stm32f10x_adc.c...
compiling stm32f10x_dma.c...
compiling stm32f10x_exti.c...
compiling stm32f10x_flash.c...
compiling stm32f10x_gpio.c...
compiling stm32f10x_i2c.c...
compiling stm32f10x_pwr.c...
compiling stm32f10x_rcc.c...
compiling stm32f10x_spi.c...
compiling stm32f10x_tim.c...
compiling stm32f10x_usart.c...
assembling startup_stm32f10x_md.s...
compiling system_stm32f10x.c...
linking...
Program Size: Code=28762 RO-data=938 RW-data=368 ZI-data=4504  
FromELF: creating hex file...
".\List\BBFLIGHT_RADIOv100.axf" - 0 Error(s), 2 Warning(s).

<h2>Software Packages used:</h2>

Package Vendor: ARM
                http://www.keil.com/pack/ARM.CMSIS.3.20.4.pack
                ARM::CMSIS:CORE:3.20.0
                Cortex Microcontroller Software Interface Standard (CMSIS) CORE, DSP, RTOS, Driver
   * Component: CORE Version: 3.20.0

Package Vendor: Keil
                http://www.keil.com/pack/Keil.STM32F1xx_DFP.2.0.0.pack
                Keil::Device:Startup:1.0.0
                STMicroelectronics STM32F1 Series Device Support, Drivers and Examples
   * Component: Startup Version: 1.0.0
   * Component: Framework Version: 3.5.1
   * Component: ADC Version: 3.5.0
   * Component: DMA Version: 3.5.0
   * Component: EXTI Version: 3.5.0
   * Component: Flash Version: 3.5.0
   * Component: GPIO Version: 3.5.0
   * Component: I2C Version: 3.5.0
   * Component: PWR Version: 3.5.0
   * Component: RCC Version: 3.5.0
   * Component: SPI Version: 3.5.0
   * Component: TIM Version: 3.5.0
   * Component: USART Version: 3.5.0

<h2>Collection of Component include folders:</h2>
  C:\BBflight\BBFLIGHT_RADIO_FIRMWARE_1.0_KEIL\RTE
  C:\BBflight\BBFLIGHT_RADIO_FIRMWARE_1.0_KEIL\RTE\Device\STM32F103C8
  C:\Extra Software\Keil_v5\ARM\PACK\ARM\CMSIS\3.20.4\CMSIS\Include
  C:\Extra Software\Keil_v5\ARM\PACK\Keil\STM32F1xx_DFP\2.0.0
  C:\Extra Software\Keil_v5\ARM\PACK\Keil\STM32F1xx_DFP\2.0.0\Device\Include
  C:\Extra Software\Keil_v5\ARM\PACK\Keil\STM32F1xx_DFP\2.0.0\Device\StdPeriph_Driver\inc

<h2>Collection of Component Files used:</h2>

   * Component: ARM::CMSIS:CORE:3.20.0

   * Component: Keil::Device:Startup:1.0.0
      Source file:   Device\Source\ARM\STM32F1xx_OPT.s
      Source file:   Device\Source\ARM\startup_stm32f10x_md.s
      Source file:   Device\Source\system_stm32f10x.c
      Include file:  RTE_Driver\Config\RTE_Device.h

   * Component: Keil::Device:StdPeriph Drivers:Framework:3.5.1
      Include file:  Device\StdPeriph_Driver\inc\misc.h
      Source file:   Device\StdPeriph_Driver\src\misc.c
      Source file:   Device\StdPeriph_Driver\templates\stm32f10x_conf.h
      Include file:  Device\StdPeriph_Driver\templates\stm32f10x_it.h
      Source file:   Device\StdPeriph_Driver\templates\stm32f10x_it.c

   * Component: Keil::Device:StdPeriph Drivers:ADC:3.5.0
      Include file:  Device\StdPeriph_Driver\inc\stm32f10x_adc.h
      Source file:   Device\StdPeriph_Driver\src\stm32f10x_adc.c

   * Component: Keil::Device:StdPeriph Drivers:DMA:3.5.0
      Include file:  Device\StdPeriph_Driver\inc\stm32f10x_dma.h
      Source file:   Device\StdPeriph_Driver\src\stm32f10x_dma.c

   * Component: Keil::Device:StdPeriph Drivers:EXTI:3.5.0
      Include file:  Device\StdPeriph_Driver\inc\stm32f10x_exti.h
      Source file:   Device\StdPeriph_Driver\src\stm32f10x_exti.c

   * Component: Keil::Device:StdPeriph Drivers:Flash:3.5.0
      Include file:  Device\StdPeriph_Driver\inc\stm32f10x_flash.h
      Source file:   Device\StdPeriph_Driver\src\stm32f10x_flash.c

   * Component: Keil::Device:StdPeriph Drivers:GPIO:3.5.0
      Include file:  Device\StdPeriph_Driver\inc\stm32f10x_gpio.h
      Source file:   Device\StdPeriph_Driver\src\stm32f10x_gpio.c

   * Component: Keil::Device:StdPeriph Drivers:I2C:3.5.0
      Include file:  Device\StdPeriph_Driver\inc\stm32f10x_i2c.h
      Source file:   Device\StdPeriph_Driver\src\stm32f10x_i2c.c

   * Component: Keil::Device:StdPeriph Drivers:PWR:3.5.0
      Include file:  Device\StdPeriph_Driver\inc\stm32f10x_pwr.h
      Source file:   Device\StdPeriph_Driver\src\stm32f10x_pwr.c

   * Component: Keil::Device:StdPeriph Drivers:RCC:3.5.0
      Include file:  Device\StdPeriph_Driver\inc\stm32f10x_rcc.h
      Source file:   Device\StdPeriph_Driver\src\stm32f10x_rcc.c

   * Component: Keil::Device:StdPeriph Drivers:SPI:3.5.0
      Include file:  Device\StdPeriph_Driver\inc\stm32f10x_spi.h
      Source file:   Device\StdPeriph_Driver\src\stm32f10x_spi.c

   * Component: Keil::Device:StdPeriph Drivers:TIM:3.5.0
      Include file:  Device\StdPeriph_Driver\inc\stm32f10x_tim.h
      Source file:   Device\StdPeriph_Driver\src\stm32f10x_tim.c

   * Component: Keil::Device:StdPeriph Drivers:USART:3.5.0
      Include file:  Device\StdPeriph_Driver\inc\stm32f10x_usart.h
      Source file:   Device\StdPeriph_Driver\src\stm32f10x_usart.c
Load "C:\\BBflight\\BBFLIGHT_RADIO_FIRMWARE_1.0_KEIL\\List\\BBFLIGHT_RADIOv100.axf" 
Full Chip Erase Done.
Programming Done.
Verify OK.
Application running ...
Load "C:\\BBflight\\BBFLIGHT_RADIO_FIRMWARE_1.0_KEIL\\List\\BBFLIGHT_RADIOv100.axf" 
Full Chip Erase Done.
Programming Done.
Verify OK.
Application running ...
</pre>
</body>
</html>
5.0
      Include file:  Device\StdPeriph_Driver\inc\stm32f10x_spi.h
      Source file:   Device\StdPeriph_Driver\src\stm32f10x_spi.c

   * Component: Keil::Device:StdPeriph Drivers:TIM:3.5.0
      Include file:  Device\StdPeriph_Driver\inc\stm32f10x_tim.h
      Source file:   Device\StdPeriph_Driver\src\stm32f10x_tim.c

   * Component: Keil::Device:StdPeriph Drivers:USART:3.5.0
      Include file:  Device\StdPeriph_Driver\inc\stm32f10x_usart.h
      Source file:   Device\StdPeriph_Driver\src\stm32f10x_usart.c
Load "C:\\BBflight\\BBFLIGHT_RADIO_FIRMWARE_1.0_KEIL\\List\\BBFLIGHT_RADIOv100.axf" 
Full Chip Erase Done.
Programming Done.
Verify OK.
Application running ...
1 warning, 0 errors
compiling stm32f10x_flash.c...
C:\Extra Software\Keil_v5\ARM\PACK\Keil\STM32F1xx_DFP\2.0.0\Device\Include\stm32f10x.h(122): warning:  #47-D: incompatible redefinition of macro "_16MHSE_"
  #define _16MHSE_
C:\Extra Software\Keil_v5\ARM\PACK\Keil\STM32F1xx_DFP\2.0.0\Device\StdPeriph_Driver\src\stm32f10x_flash.c: 1 warning, 0 errors
compiling stm32f10x_gpio.c...
C:\Extra Software\Keil_v5\ARM\PACK\Keil\STM32F1xx_DFP\2.0.0\Device\Include\stm32f10x.h(122): warning:  #47-D: incompatible redefinition of macro "_16MHSE_"
  #define _16MHSE_
C:\Extra Software\Keil_v5\ARM\PACK\Keil\STM32F1xx_DFP\2.0.0\Device\StdPeriph_Driver\src\stm32f10x_gpio.c: 1 warning, 0 errors
compiling stm32f10x_i2c.c...
C:\Extra Software\Keil_v5\ARM\PACK\Keil\STM32F1xx_DFP\2.0.0\Device\Include\stm32f10x.h(122): warning:  #47-D: incompatible redefinition of macro "_16MHSE_"
  #define _16MHSE_
C:\Extra Software\Keil_v5\ARM\PACK\Keil\STM32F1xx_DFP\2.0.0\Device\StdPeriph_Driver\src\stm32f10x_i2c.c: 1 warning, 0 errors
compiling stm32f10x_pwr.c...
C:\Extra Software\Keil_v5\ARM\PACK\Keil\STM32F1xx_DFP\2.0.0\Device\Include\stm32f10x.h(122): warning:  #47-D: incompatible redefinition of macro "_16MHSE_"
  #define _16MHSE_
C:\Extra Software\Keil_v5\ARM\PACK\Keil\STM32F1xx_DFP\2.0.0\Device\StdPeriph_Driver\src\stm32f10x_pwr.c: 1 warning, 0 errors
compiling stm32f10x_rcc.c...
C:\Extra Software\Keil_v5\ARM\PACK\Keil\STM32F1xx_DFP\2.0.0\Device\Include\stm32f10x.h(122): warning:  #47-D: incompatible redefinition of macro "_16MHSE_"
  #define _16MHSE_
C:\Extra Software\Keil_v5\ARM\PACK\Keil\STM32F1xx_DFP\2.0.0\Device\StdPeriph_Driver\src\stm32f10x_rcc.c: 1 warning, 0 errors
compiling stm32f10x_spi.c...
C:\Extra Software\Keil_v5\ARM\PACK\Keil\STM32F1xx_DFP\2.0.0\Device\Include\stm32f10x.h(122): warning:  #47-D: incompatible redefinition of macro "_16MHSE_"
  #define _16MHSE_
C:\Extra Software\Keil_v5\ARM\PACK\Keil\STM32F1xx_DFP\2.0.0\Device\StdPeriph_Driver\src\stm32f10x_spi.c: 1 warning, 0 errors
compiling stm32f10x_tim.c...
C:\Extra Software\Keil_v5\ARM\PACK\Keil\STM32F1xx_DFP\2.0.0\Device\Include\stm32f10x.h(122): warning:  #47-D: incompatible redefinition of macro "_16MHSE_"
  #define _16MHSE_
C:\Extra Software\Keil_v5\ARM\PACK\Keil\STM32F1xx_DFP\2.0.0\Device\StdPeriph_Driver\src\stm32f10x_tim.c: 1 warning, 0 errors
compiling stm32f10x_usart.c...
C:\Extra Software\Keil_v5\ARM\PACK\Keil\STM32F1xx_DFP\2.0.0\Device\Include\stm32f10x.h(122): warning:  #47-D: incompatible redefinition of macro "_16MHSE_"
  #define _16MHSE_
C:\Extra Software\Keil_v5\ARM\PACK\Keil\STM32F1xx_DFP\2.0.0\Device\StdPeriph_Driver\src\stm32f10x_usart.c: 1 warning, 0 errors
assembling startup_stm32f10x_md.s...
compiling system_stm32f10x.c...
C:\Extra Software\Keil_v5\ARM\PACK\Keil\STM32F1xx_DFP\2.0.0\Device\Include\stm32f10x.h(122): warning:  #47-D: incompatible redefinition of macro "_16MHSE_"
  #define _16MHSE_
RTE\Device\STM32F103C8\system_stm32f10x.c: 1 warning, 0 errors
linking...
Program Size: Code=28778 RO-data=938 RW-data=368 ZI-data=4504  
FromELF: creating hex file...
".\List\BBFLIGHT_RADIOv100.axf" - 0 Error(s), 36 Warning(s).

<h2>Software Packages used:</h2>

Package Vendor: ARM
                http://www.keil.com/pack/ARM.CMSIS.3.20.4.pack
                ARM::CMSIS:CORE:3.20.0
                Cortex Microcontroller Software Interface Standard (CMSIS) CORE, DSP, RTOS, Driver
   * Component: CORE Version: 3.20.0

Package Vendor: Keil
                http://www.keil.com/pack/Keil.STM32F1xx_DFP.2.0.0.pack
                Keil::Device:Startup:1.0.0
                STMicroelectronics STM32F1 Series Device Support, Drivers and Examples
   * Component: Startup Version: 1.0.0
   * Component: Framework Version: 3.5.1
   * Component: ADC Version: 3.5.0
   * Component: DMA Version: 3.5.0
   * Component: EXTI Version: 3.5.0
   * Component: Flash Version: 3.5.0
   * Component: GPIO Version: 3.5.0
   * Component: I2C Version: 3.5.0
   * Component: PWR Version: 3.5.0
   * Component: RCC Version: 3.5.0
   * Component: SPI Version: 3.5.0
   * Component: TIM Version: 3.5.0
   * Component: USART Version: 3.5.0

<h2>Collection of Component include folders:</h2>
  C:\BBflight\BBFLIGHT_RADIO_FIRMWARE_1.0_KEIL\RTE
  C:\BBflight\BBFLIGHT_RADIO_FIRMWARE_1.0_KEIL\RTE\Device\STM32F103C8
  C:\Extra Software\Keil_v5\ARM\PACK\ARM\CMSIS\3.20.4\CMSIS\Include
  C:\Extra Software\Keil_v5\ARM\PACK\Keil\STM32F1xx_DFP\2.0.0
  C:\Extra Software\Keil_v5\ARM\PACK\Keil\STM32F1xx_DFP\2.0.0\Device\Include
  C:\Extra Software\Keil_v5\ARM\PACK\Keil\STM32F1xx_DFP\2.0.0\Device\StdPeriph_Driver\inc

<h2>Collection of Component Files used:</h2>

   * Component: ARM::CMSIS:CORE:3.20.0

   * Component: Keil::Device:Startup:1.0.0
      Source file:   Device\Source\ARM\STM32F1xx_OPT.s
      Source file:   Device\Source\ARM\startup_stm32f10x_md.s
      Source file:   Device\Source\system_stm32f10x.c
      Include file:  RTE_Driver\Config\RTE_Device.h

   * Component: Keil::Device:StdPeriph Drivers:Framework:3.5.1
      Include file:  Device\StdPeriph_Driver\inc\misc.h
      Source file:   Device\StdPeriph_Driver\src\misc.c
      Source file:   Device\StdPeriph_Driver\templates\stm32f10x_conf.h
      Include file:  Device\StdPeriph_Driver\templates\stm32f10x_it.h
      Source file:   Device\StdPeriph_Driver\templates\stm32f10x_it.c

   * Component: Keil::Device:StdPeriph Drivers:ADC:3.5.0
      Include file:  Device\StdPeriph_Driver\inc\stm32f10x_adc.h
      Source file:   Device\StdPeriph_Driver\src\stm32f10x_adc.c

   * Component: Keil::Device:StdPeriph Drivers:DMA:3.5.0
      Include file:  Device\StdPeriph_Driver\inc\stm32f10x_dma.h
      Source file:   Device\StdPeriph_Driver\src\stm32f10x_dma.c

   * Component: Keil::Device:StdPeriph Drivers:EXTI:3.5.0
      Include file:  Device\StdPeriph_Driver\inc\stm32f10x_exti.h
      Source file:   Device\StdPeriph_Driver\src\stm32f10x_exti.c

   * Component: Keil::Device:StdPeriph Drivers:Flash:3.5.0
      Include file:  Device\StdPeriph_Driver\inc\stm32f10x_flash.h
      Source file:   Device\StdPeriph_Driver\src\stm32f10x_flash.c

   * Component: Keil::Device:StdPeriph Drivers:GPIO:3.5.0
      Include file:  Device\StdPeriph_Driver\inc\stm32f10x_gpio.h
      Source file:   Device\StdPeriph_Driver\src\stm32f10x_gpio.c

   * Component: Keil::Device:StdPeriph Drivers:I2C:3.5.0
      Include file:  Device\StdPeriph_Driver\inc\stm32f10x_i2c.h
      Source file:   Device\StdPeriph_Driver\src\stm32f10x_i2c.c

   * Component: Keil::Device:StdPeriph Drivers:PWR:3.5.0
      Include file:  Device\StdPeriph_Driver\inc\stm32f10x_pwr.h
      Source file:   Device\StdPeriph_Driver\src\stm32f10x_pwr.c

   * Component: Keil::Device:StdPeriph Drivers:RCC:3.5.0
      Include file:  Device\StdPeriph_Driver\inc\stm32f10x_rcc.h
      Source file:   Device\StdPeriph_Driver\src\stm32f10x_rcc.c

   * Component: Keil::Device:StdPeriph Drivers:SPI:3.5.0
      Include file:  Device\StdPeriph_Driver\inc\stm32f10x_spi.h
      Source file:   Device\StdPeriph_Driver\src\stm32f10x_spi.c

   * Component: Keil::Device:StdPeriph Drivers:TIM:3.5.0
      Include file:  Device\StdPeriph_Driver\inc\stm32f10x_tim.h
      Source file:   Device\StdPeriph_Driver\src\stm32f10x_tim.c

   * Component: Keil::Device:StdPeriph Drivers:USART:3.5.0
      Include file:  Device\StdPeriph_Driver\inc\stm32f10x_usart.h
      Source file:   Device\StdPeriph_Driver\src\stm32f10x_usart.c
Load "C:\\BBflight\\BBFLIGHT_RADIO_FIRMWARE_1.0_KEIL\\List\\BBFLIGHT_RADIOv100.axf" 
Full Chip Erase Done.
Programming Done.
Verify OK.
