Product: MDK-ARM Professional 5.10
Component: ARM Compiler 5.04 update 1 (build 49)
Tool: armlink [5040049]

==============================================================================

Section Cross References

    main.o(.text) refers to systeminit.o(.text) for sysInit
    main.o(.text) refers to spinrf.o(.text) for spi1NrfInit
    main.o(.text) refers to usb2com.o(.text) for USB_printf
    main.o(.text) refers to stm32f10x_gpio.o(.text) for GPIO_ResetBits
    main.o(.text) refers to hw_config.o(.text) for USB_RxRead
    main.o(.text) refers to delay.o(.text) for delay_ms
    main.o(.text) refers to dflt_clz.o(x$fpl$dflt) for __aeabi_i2d
    main.o(.text) refers to ddiv.o(x$fpl$ddiv) for __aeabi_ddiv
    main.o(.text) refers to dmul.o(x$fpl$dmul) for __aeabi_dmul
    main.o(.text) refers to dfixu.o(x$fpl$dfixu) for __aeabi_d2uiz
    main.o(.text) refers to stm32f10x_exti.o(.text) for EXTI_ClearITPendingBit
    main.o(.text) refers to main.o(.data) for NrfState
    main.o(.text) refers to main.o(.bss) for NRF24L01_TXDATA
    systeminit.o(.text) refers to stm32f10x_rcc.o(.text) for RCC_DeInit
    systeminit.o(.text) refers to stm32f10x_flash.o(.text) for FLASH_SetLatency
    systeminit.o(.text) refers to adc.o(.text) for adcInit
    systeminit.o(.text) refers to stm32f10x_gpio.o(.text) for GPIO_Init
    adc.o(.text) refers to stm32f10x_gpio.o(.text) for GPIO_Init
    adc.o(.text) refers to stm32f10x_rcc.o(.text) for RCC_ADCCLKConfig
    adc.o(.text) refers to stm32f10x_adc.o(.text) for ADC_DeInit
    adc.o(.text) refers to adc.o(.bss) for BATTERY_0
    delay.o(.text) refers to delay.o(.data) for TimingDelay
    spinrf.o(.text) refers to stm32f10x_rcc.o(.text) for RCC_APB2PeriphClockCmd
    spinrf.o(.text) refers to stm32f10x_gpio.o(.text) for GPIO_PinRemapConfig
    spinrf.o(.text) refers to stm32f10x_exti.o(.text) for EXTI_Init
    spinrf.o(.text) refers to misc.o(.text) for NVIC_PriorityGroupConfig
    spinrf.o(.text) refers to stm32f10x_spi.o(.text) for SPI_Init
    spinrf.o(.text) refers to delay.o(.text) for delay_us
    spinrf.o(.text) refers to spinrf.o(.data) for RX_ADDRESS
    usb2com.o(.text) refers to hw_config.o(.text) for USB_Config
    usb2com.o(.text) refers to c89vsprintf.o(.text) for __c89vsprintf
    hw_config.o(.text) refers to queue.o(.text) for QUEUE_PacketCreate
    hw_config.o(.text) refers to stm32f10x_rcc.o(.text) for RCC_APB2PeriphClockCmd
    hw_config.o(.text) refers to stm32f10x_gpio.o(.text) for GPIO_Init
    hw_config.o(.text) refers to stm32f10x_exti.o(.text) for EXTI_ClearITPendingBit
    hw_config.o(.text) refers to misc.o(.text) for NVIC_PriorityGroupConfig
    hw_config.o(.text) refers to usb_init.o(.text) for USB_Init
    hw_config.o(.text) refers to hw_config.o(.bss) for m_UsbComRxBuf
    hw_config.o(.text) refers to hw_config.o(.data) for EXTI_InitStructure
    hw_config.o(.text) refers to usb_pwr.o(.data) for bDeviceState
    hw_config.o(.text) refers to usb_init.o(.bss) for Device_Info
    hw_config.o(.text) refers to usb_desc.o(.data) for Virtual_Com_Port_StringSerial
    queue.o(.text) refers to rt_memcpy_v6.o(.text) for __aeabi_memcpy
    usb_endp.o(.text) refers to hw_config.o(.text) for USB_TxRead
    usb_endp.o(.text) refers to usb_mem.o(.text) for UserToPMABufferCopy
    usb_endp.o(.text) refers to usb_regs.o(.text) for SetEPTxCount
    usb_endp.o(.text) refers to usb_sil.o(.text) for USB_SIL_Read
    usb_endp.o(.text) refers to usb_endp.o(.data) for txFlg
    usb_endp.o(.text) refers to usb_endp.o(.bss) for txBuffter
    usb_endp.o(.text) refers to usb_pwr.o(.data) for bDeviceState
    usb_istr.o(.text) refers to usb_endp.o(.text) for SOF_Callback
    usb_istr.o(.text) refers to usb_int.o(.text) for CTR_LP
    usb_istr.o(.text) refers to usb_pwr.o(.text) for Resume
    usb_istr.o(.text) refers to usb_istr.o(.data) for wIstr
    usb_istr.o(.text) refers to usb_init.o(.data) for wInterrupt_Mask
    usb_istr.o(.text) refers to usb_prop.o(.data) for Device_Property
    usb_istr.o(.text) refers to usb_pwr.o(.data) for fSuspendEnabled
    usb_istr.o(.data) refers to usb_endp.o(.text) for EP1_IN_Callback
    usb_istr.o(.data) refers to usb_core.o(.text) for NOP_Process
    usb_it.o(.text) refers to usb_istr.o(.text) for USB_Istr
    usb_it.o(.text) refers to stm32f10x_exti.o(.text) for EXTI_ClearITPendingBit
    usb_prop.o(.text) refers to hw_config.o(.text) for Get_SerialNum
    usb_prop.o(.text) refers to usb_pwr.o(.text) for PowerOn
    usb_prop.o(.text) refers to usb_sil.o(.text) for USB_SIL_Init
    usb_prop.o(.text) refers to usb_regs.o(.text) for SetBTABLE
    usb_prop.o(.text) refers to usb_core.o(.text) for SetDeviceAddress
    usb_prop.o(.text) refers to usb_init.o(.data) for pInformation
    usb_prop.o(.text) refers to usb_pwr.o(.data) for bDeviceState
    usb_prop.o(.text) refers to usb_desc.o(.constdata) for Virtual_Com_Port_ConfigDescriptor
    usb_prop.o(.text) refers to usb_prop.o(.data) for Device_Property
[...]
    TX_ADDRESS                               0x2000001d   Data           5  spinrf.o(.data)
    .data                                    0x20000024   Section       12  hw_config.o(.data)
    .data                                    0x20000030   Section       38  usb_desc.o(.data)
    .data                                    0x20000058   Section        8  usb_endp.o(.data)
    txFlg                                    0x20000058   Data           1  usb_endp.o(.data)
    FrameCount                               0x2000005c   Data           4  usb_endp.o(.data)
    .data                                    0x20000060   Section       68  usb_istr.o(.data)
    .data                                    0x200000a4   Section      148  usb_prop.o(.data)
    .data                                    0x20000138   Section       12  usb_pwr.o(.data)
    .data                                    0x20000144   Section        3  usb_core.o(.data)
    .data                                    0x20000148   Section       20  usb_init.o(.data)
    .data                                    0x2000015c   Section        4  usb_int.o(.data)
    .data                                    0x20000160   Section       20  stm32f10x_rcc.o(.data)
    APBAHBPrescTable                         0x20000160   Data          16  stm32f10x_rcc.o(.data)
    ADCPrescTable                            0x20000170   Data           4  stm32f10x_rcc.o(.data)
    .data                                    0x20000174   Section       20  system_stm32f10x.o(.data)
    .bss                                     0x20000188   Section       96  main.o(.bss)
    .bss                                     0x200001e8   Section       32  adc.o(.bss)
    BATTERY_0                                0x200001e8   Data          16  adc.o(.bss)
    CURRENT_0                                0x200001f8   Data          16  adc.o(.bss)
    .bss                                     0x20000208   Section     2608  hw_config.o(.bss)
    m_QueueUsbComRx                          0x20000218   Data          16  hw_config.o(.bss)
    m_QueueUsbComTx                          0x20000228   Data          16  hw_config.o(.bss)
    m_UsbComRxBuf                            0x20000238   Data        1280  hw_config.o(.bss)
    m_UsbComTxBuf                            0x20000738   Data        1280  hw_config.o(.bss)
    .bss                                     0x20000c38   Section      128  usb_endp.o(.bss)
    txBuffter                                0x20000c38   Data          64  usb_endp.o(.bss)
    buffter                                  0x20000c78   Data          64  usb_endp.o(.bss)
    .bss                                     0x20000cb8   Section       32  usb_pwr.o(.bss)
    .bss                                     0x20000cd8   Section       28  usb_init.o(.bss)
    .bss                                     0x20000cf4   Section       96  libspace.o(.bss)
    HEAP                                     0x20000d58   Section      512  startup_stm32f10x_md.o(HEAP)
    Heap_Mem                                 0x20000d58   Data         512  startup_stm32f10x_md.o(HEAP)
    STACK                                    0x20000f58   Section     1024  startup_stm32f10x_md.o(STACK)
    Stack_Mem                                0x20000f58   Data        1024  startup_stm32f10x_md.o(STACK)
    __initial_sp                             0x20001358   Data           0  startup_stm32f10x_md.o(STACK)

    Global Symbols

    Symbol Name                              Value     Ov Type        Size  Object(Section)

    BuildAttributes$$THM_ISAv4$P$D$K$B$S$PE$A:L22UL41UL21$X:L11$S22US41US21$IEEE1$IW$USESV6$~STKCKD$USESV7$~SHL$OTIME$ROPI$IEEEJ$EBA8$UX$STANDARDLIB$REQ8$PRES8$EABIv2 0x00000000   Number         0  anon$$obj.o ABSOLUTE
    __ARM_use_no_argv                        0x00000000   Number         0  main.o ABSOLUTE
    _printf_flags                            0x00000000   Number         0  printf_stubs.o ABSOLUTE
    _printf_return_value                     0x00000000   Number         0  printf_stubs.o ABSOLUTE
    _printf_sizespec                         0x00000000   Number         0  printf_stubs.o ABSOLUTE
    _printf_widthprec                        0x00000000   Number         0  printf_stubs.o ABSOLUTE
    __ARM_exceptions_init                     - Undefined Weak Reference
    __alloca_initialize                       - Undefined Weak Reference
    __cpp_initialize__aeabi_                  - Undefined Weak Reference
    __cxa_finalize                            - Undefined Weak Reference
    __sigvec_lookup                           - Undefined Weak Reference
    _atexit_init                              - Undefined Weak Reference
    _call_atexit_fns                          - Undefined Weak Reference
    _clock_init                               - Undefined Weak Reference
    _fp_trap_init                             - Undefined Weak Reference
    _fp_trap_shutdown                         - Undefined Weak Reference
    _get_lc_collate                           - Undefined Weak Reference
    _get_lc_monetary                          - Undefined Weak Reference
    _get_lc_time                              - Undefined Weak Reference
    _getenv_init                              - Undefined Weak Reference
    _handle_redirection                       - Undefined Weak Reference
    _init_alloc                               - Undefined Weak Reference
    _init_user_alloc                          - Undefined Weak Reference
    _initio                                   - Undefined Weak Reference
    _printf_fp_hex                            - Undefined Weak Reference
    _printf_mbtowc                            - Undefined Weak Reference
    _printf_wc                                - Undefined Weak Reference
    _rand_init                                - Undefined Weak Reference
    _signal_finish                            - Undefined Weak Reference
    _signal_init                              - Undefined Weak Reference
    _terminate_alloc                          - Undefined Weak Reference
    _terminate_user_alloc                     - Undefined Weak Reference
    _terminateio                              - Undefined Weak Reference
    __Vectors_Size                           0x000000ec   Number         0  startup_stm32f10x_md.o ABSOLUTE
    __Vectors                                0x08000000   Data           4  startup_stm32f10x_md.o(RESET)
    __Vectors_End                            0x080000ec   Data           0  startup_stm32f10x_md.o(RESET)
    __main                                   0x080000ed   Thumb Code     8  __main.o(!!!main)
    __scatterload                            0x080000f5   Thumb Code     0  __scatter.o(!!!scatter)
    __scatterload_rt2                        0x080000f5   Thumb Code    44  __scatter.o(!!!scatter)
    __scatterload_rt2_thumb_only             0x080000f5   Thumb Code     0  __scatter.o(!!!scatter)
    __scatterload_null                       0x08000103   Thumb Code     0  __scatter.o(!!!scatter)
    __decompress                             0x08000129   Thumb Code    90  __dczerorl2.o(!!dczerorl2)
    __decompress1                            0x08000129   Thumb Code     0  __dczerorl2.o(!!dczerorl2)
    __scatterload_zeroinit                   0x08000185   Thumb Code    28  __scatter_zi.o(!!handler_zi)
    _printf_n                                0x080001a1   Thumb Code     0  _printf_n.o(.ARM.Collect$$_printf_percent$$00000001)
    _printf_percent                          0x080001a1   Thumb Code     0  _printf_percent.o(.ARM.Collect$$_printf_percent$$00000000)
    _printf_p                                0x080001a7   Thumb Code     0  _printf_p.o(.ARM.Collect$$_printf_percent$$00000002)
    _printf_f                                0x080001ad   Thumb Code     0  _printf_f.o(.ARM.Collect$$_printf_percent$$00000003)
    _printf_e                                0x080001b3   Thumb Code     0  _printf_e.o(.ARM.Collect$$_printf_percent$$00000004)
    _printf_g                                0x080001b9   Thumb Code     0  _printf_g.o(.ARM.Collect$$_printf_percent$$00000005)
    _printf_a                                0x080001bf   Thumb Code     0  _printf_a.o(.ARM.Collect$$_printf_percent$$00000006)
    _printf_ll                               0x080001c5   Thumb Code     0  _printf_ll.o(.ARM.Collect$$_printf_percent$$00000007)
    _printf_i                                0x080001cf   Thumb Code     0  _printf_i.o(.ARM.Collect$$_printf_percent$$00000008)
    _printf_d                                0x080001d5   Thumb Code     0  _printf_d.o(.ARM.Collect$$_printf_percent$$00000009)
    _printf_u                                0x080001db   Thumb Code     0  _printf_u.o(.ARM.Collect$$_printf_percent$$0000000A)
    _printf_o                                0x080001e1   Thumb Code     0  _printf_o.o(.ARM.Collect$$_printf_percent$$0000000B)
    _printf_x                                0x080001e7   Thumb Code     0  _printf_x.o(.ARM.Collect$$_printf_percent$$0000000C)
    _printf_lli                              0x080001ed   Thumb Code     0  _printf_lli.o(.ARM.Collect$$_printf_percent$$0000000D)
    _printf_lld                              0x080001f3   Thumb Code     0  _printf_lld.o(.ARM.Collect$$_printf_percent$$0000000E)
    _printf_llu                              0x080001f9   Thumb Code     0  _printf_llu.o(.ARM.Collect$$_printf_percent$$0000000F)
    _printf_llo                              0x080001ff   Thumb Code     0  _printf_llo.o(.ARM.Collect$$_printf_percent$$00000010)
    _printf_llx                              0x08000205   Thumb Code     0  _printf_llx.o(.ARM.Collect$$_printf_percent$$00000011)
    _printf_l                                0x0800020b   Thumb Code     0  _printf_l.o(.ARM.Collect$$_printf_percent$$00000012)
    _printf_c                                0x08000215   Thumb Code     0  _printf_c.o(.ARM.Collect$$_printf_percent$$00000013)
    _printf_s                                0x0800021b   Thumb Code     0  _printf_s.o(.ARM.Collect$$_printf_percent$$00000014)
    _printf_lc                               0x08000221   Thumb Code     0  _printf_lc.o(.ARM.Collect$$_printf_percent$$00000015)
    _printf_ls                               0x08000227   Thumb Code     0  _printf_ls.o(.ARM.Collect$$_printf_percent$$00000016)
    _printf_percent_end                      0x0800022d   Thumb Code     0  _printf_percent_end.o(.ARM.Collect$$_printf_percent$$00000017)
    __rt_lib_init                            0x08000231   Thumb Code     0  libinit.o(.ARM.Collect$$libinit$$00000000)
    __rt_lib_init_fp_1                       0x08000233   Thumb Code     0  libinit2.o(.ARM.Collect$$libinit$$00000002)
    __rt_lib_init_heap_1                     0x08000233   Thumb Code     0  libinit2.o(.ARM.Collect$$libinit$$00000008)
    __rt_lib_init_lc_common                  0x08000233   Thumb Code     0  libinit2.o(.ARM.Collect$$libinit$$0000000D)
    __rt_lib_init_rand_1                     0x08000233   Thumb Code     0  libinit2.o(.ARM.Collect$$libinit$$0000000C)
    __rt_lib_init_user_alloc_1               0x08000233   Thumb Code     0  libinit2.o(.ARM.Collect$$libinit$$0000000A)
    __rt_lib_init_lc_collate_1               0x08000239   Thumb Code     0  libinit2.o(.ARM.Collect$$libinit$$0000000F)
    __rt_lib_init_lc_ctype_2                 0x08000239   Thumb Code     0  libinit2.o(.ARM.Collect$$libinit$$00000010)
    __rt_lib_init_lc_ctype_1                 0x08000245   Thumb Code     0  libinit2.o(.ARM.Collect$$libinit$$00000011)
    __rt_lib_init_lc_monetary_1              0x08000245   Thumb Code     0  libinit2.o(.ARM.Collect$$libinit$$00000013)
    __rt_lib_init_lc_numeric_2               0x08000245   Thumb Code     0  libinit2.o(.ARM.Collect$$libinit$$00000014)
    __rt_lib_init_alloca_1                   0x0800024f   Thumb Code     0  libinit2.o(.ARM.Collect$$libinit$$0000002C)
    __rt_lib_init_argv_1                     0x0800024f   Thumb Code     0  libinit2.o(.ARM.Collect$$libinit$$0000002A)
    __rt_lib_init_atexit_1                   0x0800024f   Thumb Code     0  libinit2.o(.ARM.Collect$$libinit$$00000019)
    __rt_lib_init_clock_1                    0x0800024f   Thumb Code     0  libinit2.o(.ARM.Collect$$libinit$$0000001F)
    __rt_lib_init_cpp_1                      0x0800024f   Thumb Code     0  libinit2.o(.ARM.Collect$$libinit$$00000030)
    __rt_lib_init_exceptions_1               0x0800024f   Thumb Code     0  libinit2.o(.ARM.Collect$$libinit$$0000002E)
    __rt_lib_init_fp_trap_1                  0x0800024f   Thumb Code     0  libinit2.o(.ARM.Collect$$libinit$$0000001D)
    __rt_lib_init_getenv_1                   0x0800024f   Thumb Code     0  libinit2.o(.ARM.Collect$$libinit$$00000021)
    __rt_lib_init_lc_numeric_1               0x0800024f   Thumb Code     0  libinit2.o(.ARM.Collect$$libinit$$00000015)
    __rt_lib_init_lc_time_1                  0x0800024f   Thumb Code     0  libinit2.o(.ARM.Collect$$libinit$$00000017)
    __rt_lib_init_return                     0x0800024f   Thumb Code     0  libinit2.o(.ARM.Collect$$libinit$$00000031)
    __rt_lib_init_signal_1                   0x0800024f   Thumb Code     0  libinit2.o(.ARM.Collect$$libinit$$0000001B)
    __rt_lib_init_stdio_1                    0x0800024f   Thumb Code     0  libinit2.o(.ARM.Collect$$libinit$$00000023)
    __rt_lib_shutdown                        0x08000251   Thumb Code     0  libshutdown.o(.ARM.Collect$$libshutdown$$00000000)
    __rt_lib_shutdown_fp_trap_1              0x08000253   Thumb Code     0  libshutdown2.o(.ARM.Collect$$libshutdown$$00000006)
    __rt_lib_shutdown_heap_1                 0x08000253   Thumb Code     0  libshutdown2.o(.ARM.Collect$$libshutdown$$0000000E)
    __rt_lib_shutdown_return                 0x08000253   Thumb Code     0  libshutdown2.o(.ARM.Collect$$libshutdown$$0000000F)
    __rt_lib_shutdown_signal_1               0x08000253   Thumb Code     0  libshutdown2.o(.ARM.Collect$$libshutdown$$00000009)
    __rt_lib_shutdown_stdio_1                0x08000253   Thumb Code     0  libshutdown2.o(.ARM.Collect$$libshutdown$$00000003)
    __rt_lib_shutdown_user_alloc_1           0x08000253   Thumb Code     0  libshutdown2.o(.ARM.Collect$$libshutdown$$0000000B)
    __rt_entry                               0x08000255   Thumb Code     0  rtentry.o(.ARM.Collect$$rtentry$$00000000)
    __rt_entry_presh_1                       0x08000255   Thumb Code     0  rtentry2.o(.ARM.Collect$$rtentry$$00000002)
    __rt_entry_sh                            0x08000255   Thumb Code     0  rtentry4.o(.ARM.Collect$$rtentry$$00000004)
    __rt_entry_li                            0x0800025b   Thumb Code     0  rtentry2.o(.ARM.Collect$$rtentry$$0000000A)
    __rt_entry_postsh_1                      0x0800025b   Thumb Code     0  rtentry2.o(.ARM.Collect$$rtentry$$00000009)
    __rt_entry_main                          0x0800025f   Thumb Code     0  rtentry2.o(.ARM.Collect$$rtentry$$0000000D)
    __rt_entry_postli_1                      0x0800025f   Thumb Code     0  rtentry2.o(.ARM.Collect$$rtentry$$0000000C)
    __rt_exit                                0x08000267   Thumb Code     0  rtexit.o(.ARM.Collect$$rtexit$$00000000)
    __rt_exit_ls                             0x08000269   Thumb Code     0  rtexit2.o(.ARM.Collect$$rtexit$$00000003)
    __rt_exit_prels_1                        0x08000269   Thumb Code     0  rtexit2.o(.ARM.Collect$$rtexit$$00000002)
    __rt_exit_exit                           0x0800026d   Thumb Code     0  rtexit2.o(.ARM.Collect$$rtexit$$00000004)
    main                                     0x08000275   Thumb Code   394  main.o(.text)
    nrfTransmitResult                        0x080003ff   Thumb Code    40  main.o(.text)
    nrfReceiveResult                         0x08000427   Thumb Code    46  main.o(.text)
    EXTI3_IRQHandler                         0x08000455   Thumb Code   214  main.o(.text)
    systickInit                              0x08000569   Thumb Code    74  systeminit.o(.text)
    sysClockInit                             0x080005b3   Thumb Code   106  systeminit.o(.text)
    sysInit                                  0x0800061d   Thumb Code    18  systeminit.o(.text)
    ledInit                                  0x0800062f   Thumb Code    72  systeminit.o(.text)
    adcInit                                  0x08000685   Thumb Code   178  adc.o(.text)
    adcGetValues                             0x08000737   Thumb Code    46  adc.o(.text)
    adcBatteryConversion                     0x08000765   Thumb Code    70  adc.o(.text)
    delay_us                                 0x080007c1   Thumb Code    20  delay.o(.text)
    delay_ms                                 0x080007d5   Thumb Code    26  delay.o(.text)
    SysTick_Handler                          0x080007ef   Thumb Code    18  delay.o(.text)
    delay_noInt_ms                           0x08000801   Thumb Code    18  delay.o(.text)
    spi1NrfInit                              0x08000819   Thumb Code   282  spinrf.o(.text)
    SPI_RW                                   0x08000933   Thumb Code    50  spinrf.o(.text)
    NRF_Write_Reg                            0x08000965   Thumb Code    40  spinrf.o(.text)
    NRF_Read_Reg                             0x0800098d   Thumb Code    38  spinrf.o(.text)
    NRF_Write_Buf                            0x080009b3   Thumb Code    58  spinrf.o(.text)
    NRF_TxPacket                             0x080009ed   Thumb Code    92  spinrf.o(.text)
    NRF_Read_Buf                             0x08000a49   Thumb Code    60  spinrf.o(.text)
    NRF24L01_RxPacket                        0x08000a85   Thumb Code    82  spinrf.o(.text)
    NRF24L01_Check                           0x08000ad7   Thumb Code    68  spinrf.o(.text)
    nrf_RXMode                               0x08000b1b   Thumb Code    86  spinrf.o(.text)
    nrf_TXMode                               0x08000b71   Thumb Code   102  spinrf.o(.text)
    nrfSlaveMode                             0x08000bd7   Thumb Code     8  spinrf.o(.text)
    nrfMasterMode                            0x08000bdf   Thumb Code     8  spinrf.o(.text)
    nrfIqrTx_Packet                          0x08000be7   Thumb Code    66  spinrf.o(.text)
    usbVirtualComInit                        0x08000c29   Thumb Code     8  usb2com.o(.text)
    USB_printf                               0x08000c31   Thumb Code    42  usb2com.o(.text)
    Set_System                               0x08000c5d   Thumb Code    94  hw_config.o(.text)
    Set_USBClock                             0x08000cbb   Thumb Code    18  hw_config.o(.text)
    Enter_LowPowerMode                       0x08000ccd   Thumb Code     8  hw_config.o(.text)
    Leave_LowPowerMode                       0x08000cd5   Thumb Code    22  hw_config.o(.text)
    USB_Interrupts_Config                    0x08000ceb   Thumb Code    64  hw_config.o(.text)
    USB_Cable_Config                         0x08000d2b   Thumb Code    30  hw_config.o(.text)
    USB_Config                               0x08000d49   Thumb Code    20  hw_config.o(.text)
    USB_RxRead                               0x08000d5d   Thumb Code    18  hw_config.o(.text)
    USB_RxWrite                              0x08000d6f   Thumb Code    18  hw_config.o(.text)
    USB_TxRead                               0x08000d81   Thumb Code    18  hw_config.o(.text)
    USB_TxWrite                              0x08000d93   Thumb Code    18  hw_config.o(.text)
    Get_SerialNum                            0x08000de3   Thumb Code    42  hw_config.o(.text)
    QUEUE_PacketCreate                       0x08000e35   Thumb Code    14  queue.o(.text)
    QUEUE_PacketIn                           0x08000e43   Thumb Code    60  queue.o(.text)
    QUEUE_PacketOut                          0x08000e7f   Thumb Code    58  queue.o(.text)
    QUEUE_PacketLengthGet                    0x08000eb9   Thumb Code    44  queue.o(.text)
    QUEUE_PacketStartEndDifferentCharSplit   0x08000ee5   Thumb Code   246  queue.o(.text)
    QUEUE_PacketStartEndCharSplit            0x08000fdb   Thumb Code   270  queue.o(.text)
    QUEUE_PacketCharSplit                    0x080010e9   Thumb Code   164  queue.o(.text)
    QUEUE_PacketDoubleEndCharSplit           0x0800118d   Thumb Code   180  queue.o(.text)
    QUEUE_StructCreate                       0x08001241   Thumb Code    22  queue.o(.text)
    QUEUE_StructIn                           0x08001257   Thumb Code    80  queue.o(.text)
    QUEUE_StructOut                          0x080012a7   Thumb Code    80  queue.o(.text)
    QUEUE_StructCountGet                     0x080012f7   Thumb Code    40  queue.o(.text)
    EP1_IN_Callback                          0x08001321   Thumb Code    66  usb_endp.o(.text)
    EP3_OUT_Callback                         0x08001363   Thumb Code    28  usb_endp.o(.text)
    SOF_Callback                             0x0800137f   Thumb Code    84  usb_endp.o(.text)
    USB_Istr                                 0x080013e9   Thumb Code   426  usb_istr.o(.text)
    USB_LP_CAN1_RX0_IRQHandler               0x080015b9   Thumb Code     8  usb_it.o(.text)
    USBWakeUp_IRQHandler                     0x080015c1   Thumb Code    12  usb_it.o(.text)
    Virtual_Com_Port_init                    0x080015cd   Thumb Code    30  usb_prop.o(.text)
    Virtual_Com_Port_Reset                   0x080015eb   Thumb Code   216  usb_prop.o(.text)
    Virtual_Com_Port_SetConfiguration        0x080016c3   Thumb Code    14  usb_prop.o(.text)
    Virtual_Com_Port_SetDeviceAddress        0x080016d1   Thumb Code     8  usb_prop.o(.text)
    Virtual_Com_Port_Status_In               0x080016d9   Thumb Code    16  usb_prop.o(.text)
    Virtual_Com_Port_Status_Out              0x080016e9   Thumb Code     2  usb_prop.o(.text)
    Virtual_Com_Port_SetLineCoding           0x080016eb   Thumb Code    20  usb_prop.o(.text)
    Virtual_Com_Port_GetLineCoding           0x080016ff   Thumb Code    20  usb_prop.o(.text)
    Virtual_Com_Port_Data_Setup              0x08001713   Thumb Code    86  usb_prop.o(.text)
    Virtual_Com_Port_NoData_Setup            0x08001769   Thumb Code    36  usb_prop.o(.text)
    Virtual_Com_Port_GetDeviceDescriptor     0x0800178d   Thumb Code    14  usb_prop.o(.text)
    Virtual_Com_Port_GetConfigDescriptor     0x0800179b   Thumb Code    14  usb_prop.o(.text)
    Virtual_Com_Port_GetStringDescriptor     0x080017a9   Thumb Code    32  usb_prop.o(.text)
    Virtual_Com_Port_Get_Interface_Setting   0x080017c9   Thumb Code    22  usb_prop.o(.text)
    PowerOn                                  0x08001809   Thumb Code    54  usb_pwr.o(.text)
    PowerOff                                 0x0800183f   Thumb Code    28  usb_pwr.o(.text)
    Suspend                                  0x0800185b   Thumb Code   238  usb_pwr.o(.text)
    Resume_Init                              0x08001949   Thumb Code    30  usb_pwr.o(.text)
    Resume                                   0x08001967   Thumb Code   194  usb_pwr.o(.text)
    Standard_GetConfiguration                0x08001a49   Thumb Code    34  usb_core.o(.text)
    Standard_SetConfiguration                0x08001a6b   Thumb Code    60  usb_core.o(.text)
    Standard_GetInterface                    0x08001aa7   Thumb Code    34  usb_core.o(.text)
    Standard_SetInterface                    0x08001ac9   Thumb Code    96  usb_core.o(.text)
    Standard_GetStatus                       0x08001b29   Thumb Code   238  usb_core.o(.text)
    Standard_ClearFeature                    0x08001c17   Thumb Code   342  usb_core.o(.text)
    Standard_SetEndPointFeature              0x08001d6d   Thumb Code   220  usb_core.o(.text)
    Standard_SetDeviceFeature                0x08001e49   Thumb Code    30  usb_core.o(.text)
    Standard_GetDescriptorData               0x08001e67   Thumb Code    32  usb_core.o(.text)
    Post0_Process                            0x0800239b   Thumb Code    54  usb_core.o(.text)
    Setup0_Process                           0x080023d1   Thumb Code   170  usb_core.o(.text)
    SetDeviceAddress                         0x0800247b   Thumb Code    70  usb_core.o(.text)
    In0_Process                              0x080024c1   Thumb Code    98  usb_core.o(.text)
    Out0_Process                             0x08002523   Thumb Code    70  usb_core.o(.text)
    NOP_Process                              0x08002569   Thumb Code     2  usb_core.o(.text)
    USB_Init                                 0x08002599   Thumb Code    36  usb_init.o(.text)
    CTR_LP                                   0x080025d5   Thumb Code   616  usb_int.o(.text)
    CTR_HP                                   0x0800283d   Thumb Code   178  usb_int.o(.text)
    UserToPMABufferCopy                      0x08002911   Thumb Code    52  usb_mem.o(.text)
    PMAToUserBufferCopy                      0x08002945   Thumb Code    34  usb_mem.o(.text)
    SetCNTR                                  0x0800296d   Thumb Code     6  usb_regs.o(.text)
    GetCNTR                                  0x08002973   Thumb Code     8  usb_regs.o(.text)
    SetISTR                                  0x0800297b   Thumb Code     8  usb_regs.o(.text)
    GetISTR                                  0x08002983   Thumb Code    10  usb_regs.o(.text)
    GetFNR                                   0x0800298d   Thumb Code    10  usb_regs.o(.text)
    SetDADDR                                 0x08002997   Thumb Code     8  usb_regs.o(.text)
    GetDADDR                                 0x0800299f   Thumb Code    10  usb_regs.o(.text)
    SetBTABLE                                0x080029a9   Thumb Code    14  usb_regs.o(.text)
    GetBTABLE                                0x080029b7   Thumb Code    10  usb_regs.o(.text)
    SetENDPOINT                              0x080029c1   Thumb Code    12  usb_regs.o(.text)
    GetENDPOINT                              0x080029cd   Thumb Code    16  usb_regs.o(.text)
    SetEPType                                0x080029dd   Thumb Code    32  usb_regs.o(.text)
    GetEPType                                0x080029fd   Thumb Code    18  usb_regs.o(.text)
    SetEPTxStatus                            0x08002a0f   Thumb Code    60  usb_regs.o(.text)
    SetEPRxStatus                            0x08002a4b   Thumb Code    60  usb_regs.o(.text)
    SetDouBleBuffEPStall                     0x08002a87   Thumb Code    54  usb_regs.o(.text)
    GetEPTxStatus                            0x08002abd   Thumb Code    18  usb_regs.o(.text)
    GetEPRxStatus                            0x08002acf   Thumb Code    18  usb_regs.o(.text)
    SetEPTxValid                             0x08002ae1   Thumb Code    48  usb_regs.o(.text)
    SetEPRxValid                             0x08002b11   Thumb Code    48  usb_regs.o(.text)
    SetEP_KIND                               0x08002b41   Thumb Code    38  usb_regs.o(.text)
    ClearEP_KIND                             0x08002b67   Thumb Code    34  usb_regs.o(.text)
    Clear_Status_Out                         0x08002b89   Thumb Code    34  usb_regs.o(.text)
    Set_Status_Out                           0x08002bab   Thumb Code    38  usb_regs.o(.text)
    SetEPDoubleBuff                          0x08002bd1   Thumb Code    38  usb_regs.o(.text)
    ClearEPDoubleBuff                        0x08002bf7   Thumb Code    34  usb_regs.o(.text)
    GetTxStallStatus                         0x08002c19   Thumb Code    28  usb_regs.o(.text)
    GetRxStallStatus                         0x08002c35   Thumb Code    30  usb_regs.o(.text)
    ClearEP_CTR_RX                           0x08002c53   Thumb Code    32  usb_regs.o(.text)
    ClearEP_CTR_TX                           0x08002c73   Thumb Code    28  usb_regs.o(.text)
    ToggleDTOG_RX                            0x08002c8f   Thumb Code    34  usb_regs.o(.text)
    ToggleDTOG_TX                            0x08002cb1   Thumb Code    34  usb_regs.o(.text)
    ClearDTOG_RX                             0x08002cd3   Thumb Code    48  usb_regs.o(.text)
    ClearDTOG_TX                             0x08002d03   Thumb Code    48  usb_regs.o(.text)
    SetEPAddress                             0x08002d33   Thumb Code    46  usb_regs.o(.text)
    GetEPAddress                             0x08002d61   Thumb Code    18  usb_regs.o(.text)
    SetEPTxAddr                              0x08002d73   Thumb Code    24  usb_regs.o(.text)
    SetEPRxAddr                              0x08002d8b   Thumb Code    26  usb_regs.o(.text)
    GetEPTxAddr                              0x08002da5   Thumb Code    22  usb_regs.o(.text)
    GetEPRxAddr                              0x08002dbb   Thumb Code    24  usb_regs.o(.text)
    SetEPTxCount                             0x08002dd3   Thumb Code    20  usb_regs.o(.text)
    SetEPCountRxReg                          0x08002de7   Thumb Code    48  usb_regs.o(.text)
    SetEPRxCount                             0x08002e17   Thumb Code    68  usb_regs.o(.text)
    GetEPTxCount                             0x08002e5b   Thumb Code    26  usb_regs.o(.text)
    GetEPRxCount                             0x08002e75   Thumb Code    26  usb_regs.o(.text)
    SetEPDblBuffAddr                         0x08002e8f   Thumb Code    44  usb_regs.o(.text)
    SetEPDblBuf0Addr                         0x08002ebb   Thumb Code    24  usb_regs.o(.text)
    SetEPDblBuf1Addr                         0x08002ed3   Thumb Code    26  usb_regs.o(.text)
    GetEPDblBuf0Addr                         0x08002eed   Thumb Code    22  usb_regs.o(.text)
    GetEPDblBuf1Addr                         0x08002f03   Thumb Code    24  usb_regs.o(.text)
    SetEPDblBuffCount                        0x08002f1b   Thumb Code   186  usb_regs.o(.text)
    SetEPDblBuf0Count                        0x08002fd5   Thumb Code    96  usb_regs.o(.text)
    SetEPDblBuf1Count                        0x08003035   Thumb Code    96  usb_regs.o(.text)
    GetEPDblBuf0Count                        0x08003095   Thumb Code    26  usb_regs.o(.text)
    GetEPDblBuf1Count                        0x080030af   Thumb Code    26  usb_regs.o(.text)
    GetEPDblBufDir                           0x080030c9   Thumb Code    62  usb_regs.o(.text)
    FreeUserBuffer                           0x08003107   Thumb Code    90  usb_regs.o(.text)
    ToWord                                   0x08003161   Thumb Code     8  usb_regs.o(.text)
    ByteSwap                                 0x08003169   Thumb Code    12  usb_regs.o(.text)
    USB_SIL_Init                             0x08003175   Thumb Code    28  usb_sil.o(.text)
    USB_SIL_Write                            0x08003191   Thumb Code    46  usb_sil.o(.text)
    USB_SIL_Read                             0x080031bf   Thumb Code    46  usb_sil.o(.text)
    NVIC_PriorityGroupConfig                 0x080031f5   Thumb Code    10  misc.o(.text)
    NVIC_Init                                0x080031ff   Thumb Code   100  misc.o(.text)
    NVIC_SetVectorTable                      0x08003263   Thumb Code    14  misc.o(.text)
    NVIC_SystemLPConfig                      0x08003271   Thumb Code    34  misc.o(.text)
    SysTick_CLKSourceConfig                  0x08003293   Thumb Code    40  misc.o(.text)
    ADC_DeInit                               0x080032d1   Thumb Code    78  stm32f10x_adc.o(.text)
    ADC_Init                                 0x0800331f   Thumb Code    70  stm32f10x_adc.o(.text)
    ADC_StructInit                           0x08003365   Thumb Code    18  stm32f10x_adc.o(.text)
    ADC_Cmd                                  0x08003377   Thumb Code    22  stm32f10x_adc.o(.text)
    ADC_DMACmd                               0x0800338d   Thumb Code    22  stm32f10x_adc.o(.text)
    ADC_ITConfig                             0x080033a3   Thumb Code    24  stm32f10x_adc.o(.text)
    ADC_ResetCalibration                     0x080033bb   Thumb Code    10  stm32f10x_adc.o(.text)
    ADC_GetResetCalibrationStatus            0x080033c5   Thumb Code    20  stm32f10x_adc.o(.text)
    ADC_StartCalibration                     0x080033d9   Thumb Code    10  stm32f10x_adc.o(.text)
    ADC_GetCalibrationStatus                 0x080033e3   Thumb Code    20  stm32f10x_adc.o(.text)
    ADC_SoftwareStartConvCmd                 0x080033f7   Thumb Code    22  stm32f10x_adc.o(.text)
    ADC_GetSoftwareStartConvStatus           0x0800340d   Thumb Code    20  stm32f10x_adc.o(.text)
    ADC_DiscModeChannelCountConfig           0x08003421   Thumb Code    24  stm32f10x_adc.o(.text)
    ADC_DiscModeCmd                          0x08003439   Thumb Code    22  stm32f10x_adc.o(.text)
    ADC_RegularChannelConfig                 0x0800344f   Thumb Code   184  stm32f10x_adc.o(.text)
    ADC_ExternalTrigConvCmd                  0x08003507   Thumb Code    22  stm32f10x_adc.o(.text)
    ADC_GetConversionValue                   0x0800351d   Thumb Code     8  stm32f10x_adc.o(.text)
    ADC_GetDualModeConversionValue           0x08003525   Thumb Code     8  stm32f10x_adc.o(.text)
    ADC_AutoInjectedConvCmd                  0x0800352d   Thumb Code    22  stm32f10x_adc.o(.text)
    ADC_InjectedDiscModeCmd                  0x08003543   Thumb Code    22  stm32f10x_adc.o(.text)
    ADC_ExternalTrigInjectedConvConfig       0x08003559   Thumb Code    16  stm32f10x_adc.o(.text)
    ADC_ExternalTrigInjectedConvCmd          0x08003569   Thumb Code    22  stm32f10x_adc.o(.text)
    ADC_SoftwareStartInjectedConvCmd         0x0800357f   Thumb Code    22  stm32f10x_adc.o(.text)
    ADC_GetSoftwareStartInjectedConvCmdStatus 0x08003595   Thumb Code    20  stm32f10x_adc.o(.text)
    ADC_InjectedChannelConfig                0x080035a9   Thumb Code   130  stm32f10x_adc.o(.text)
    ADC_InjectedSequencerLengthConfig        0x0800362b   Thumb Code    24  stm32f10x_adc.o(.text)
    ADC_SetInjectedOffset                    0x08003643   Thumb Code    20  stm32f10x_adc.o(.text)
    ADC_GetInjectedConversionValue           0x08003657   Thumb Code    28  stm32f10x_adc.o(.text)
    ADC_AnalogWatchdogCmd                    0x08003673   Thumb Code    16  stm32f10x_adc.o(.text)
    ADC_AnalogWatchdogThresholdsConfig       0x08003683   Thumb Code     6  stm32f10x_adc.o(.text)
    ADC_AnalogWatchdogSingleChannelConfig    0x08003689   Thumb Code    16  stm32f10x_adc.o(.text)
    ADC_TempSensorVrefintCmd                 0x08003699   Thumb Code    64  stm32f10x_adc.o(.text)
    ADC_GetFlagStatus                        0x080036d9   Thumb Code    18  stm32f10x_adc.o(.text)
    ADC_ClearFlag                            0x080036eb   Thumb Code     6  stm32f10x_adc.o(.text)
    ADC_GetITStatus                          0x080036f1   Thumb Code    36  stm32f10x_adc.o(.text)
    ADC_ClearITPendingBit                    0x08003715   Thumb Code    10  stm32f10x_adc.o(.text)
    EXTI_DeInit                              0x08003721   Thumb Code    28  stm32f10x_exti.o(.text)
    EXTI_Init                                0x0800373d   Thumb Code   142  stm32f10x_exti.o(.text)
    EXTI_StructInit                          0x080037cb   Thumb Code    16  stm32f10x_exti.o(.text)
    EXTI_GenerateSWInterrupt                 0x080037db   Thumb Code    16  stm32f10x_exti.o(.text)
    EXTI_GetFlagStatus                       0x080037eb   Thumb Code    22  stm32f10x_exti.o(.text)
    EXTI_ClearFlag                           0x08003801   Thumb Code     8  stm32f10x_exti.o(.text)
    EXTI_GetITStatus                         0x08003809   Thumb Code    34  stm32f10x_exti.o(.text)
    EXTI_ClearITPendingBit                   0x0800382b   Thumb Code     8  stm32f10x_exti.o(.text)
    FLASH_SetLatency                         0x0800383d   Thumb Code    18  stm32f10x_flash.o(.text)
    FLASH_HalfCycleAccessCmd                 0x0800384f   Thumb Code    22  stm32f10x_flash.o(.text)
    FLASH_PrefetchBufferCmd                  0x08003865   Thumb Code    22  stm32f10x_flash.o(.text)
    FLASH_Unlock                             0x0800387b   Thumb Code    12  stm32f10x_flash.o(.text)
    FLASH_UnlockBank1                        0x08003887   Thumb Code    12  stm32f10x_flash.o(.text)
    FLASH_Lock                               0x08003893   Thumb Code    14  stm32f10x_flash.o(.text)
    FLASH_LockBank1                          0x080038a1   Thumb Code    14  stm32f10x_flash.o(.text)
    FLASH_GetBank1Status                     0x080038af   Thumb Code    48  stm32f10x_flash.o(.text)
    FLASH_WaitForLastOperation               0x080038df   Thumb Code    38  stm32f10x_flash.o(.text)
    FLASH_ErasePage                          0x08003905   Thumb Code    72  stm32f10x_flash.o(.text)
    FLASH_EraseAllPages                      0x0800394d   Thumb Code    68  stm32f10x_flash.o(.text)
    FLASH_WaitForLastBank1Operation          0x08003991   Thumb Code    38  stm32f10x_flash.o(.text)
    FLASH_EraseAllBank1Pages                 0x080039b7   Thumb Code    68  stm32f10x_flash.o(.text)
    FLASH_GetReadOutProtectionStatus         0x080039fb   Thumb Code    20  stm32f10x_flash.o(.text)
    FLASH_EraseOptionBytes                   0x08003a0f   Thumb Code   150  stm32f10x_flash.o(.text)
    FLASH_ProgramWord                        0x08003aa5   Thumb Code   102  stm32f10x_flash.o(.text)
    FLASH_ProgramHalfWord                    0x08003b0b   Thumb Code    60  stm32f10x_flash.o(.text)
    FLASH_ProgramOptionByteData              0x08003b47   Thumb Code    72  stm32f10x_flash.o(.text)
    FLASH_EnableWriteProtection              0x08003b8f   Thumb Code   200  stm32f10x_flash.o(.text)
    FLASH_ReadOutProtection                  0x08003c57   Thumb Code   156  stm32f10x_flash.o(.text)
    FLASH_UserOptionByteConfig               0x08003cf3   Thumb Code    88  stm32f10x_flash.o(.text)
    FLASH_GetUserOptionByte                  0x08003d4b   Thumb Code     8  stm32f10x_flash.o(.text)
    FLASH_GetWriteProtectionOptionByte       0x08003d53   Thumb Code     6  stm32f10x_flash.o(.text)
    FLASH_GetPrefetchBufferStatus            0x08003d59   Thumb Code    20  stm32f10x_flash.o(.text)
    FLASH_ITConfig                           0x08003d6d   Thumb Code    26  stm32f10x_flash.o(.text)
    FLASH_GetFlagStatus                      0x08003d87   Thumb Code    42  stm32f10x_flash.o(.text)
    FLASH_ClearFlag                          0x08003db1   Thumb Code     6  stm32f10x_flash.o(.text)
    FLASH_GetStatus                          0x08003db7   Thumb Code    48  stm32f10x_flash.o(.text)
    GPIO_DeInit                              0x08003df9   Thumb Code   172  stm32f10x_gpio.o(.text)
    GPIO_AFIODeInit                          0x08003ea5   Thumb Code    20  stm32f10x_gpio.o(.text)
    GPIO_Init                                0x08003eb9   Thumb Code   278  stm32f10x_gpio.o(.text)
    GPIO_StructInit                          0x08003fcf   Thumb Code    16  stm32f10x_gpio.o(.text)
    GPIO_ReadInputDataBit                    0x08003fdf   Thumb Code    18  stm32f10x_gpio.o(.text)
    GPIO_ReadInputData                       0x08003ff1   Thumb Code     8  stm32f10x_gpio.o(.text)
    GPIO_ReadOutputDataBit                   0x08003ff9   Thumb Code    18  stm32f10x_gpio.o(.text)
    GPIO_ReadOutputData                      0x0800400b   Thumb Code     8  stm32f10x_gpio.o(.text)
    GPIO_SetBits                             0x08004013   Thumb Code     4  stm32f10x_gpio.o(.text)
    GPIO_ResetBits                           0x08004017   Thumb Code     4  stm32f10x_gpio.o(.text)
    GPIO_WriteBit                            0x0800401b   Thumb Code    10  stm32f10x_gpio.o(.text)
    GPIO_Write                               0x08004025   Thumb Code     4  stm32f10x_gpio.o(.text)
    GPIO_PinLockConfig                       0x08004029   Thumb Code    18  stm32f10x_gpio.o(.text)
    GPIO_EventOutputConfig                   0x0800403b   Thumb Code    26  stm32f10x_gpio.o(.text)
    GPIO_EventOutputCmd                      0x08004055   Thumb Code     6  stm32f10x_gpio.o(.text)
    GPIO_PinRemapConfig                      0x0800405b   Thumb Code   138  stm32f10x_gpio.o(.text)
    GPIO_EXTILineConfig                      0x080040e5   Thumb Code    66  stm32f10x_gpio.o(.text)
    GPIO_ETH_MediaInterfaceConfig            0x08004127   Thumb Code     8  stm32f10x_gpio.o(.text)
    RCC_DeInit                               0x08004155   Thumb Code    64  stm32f10x_rcc.o(.text)
    RCC_HSEConfig                            0x08004195   Thumb Code    70  stm32f10x_rcc.o(.text)
    RCC_GetFlagStatus                        0x080041db   Thumb Code    56  stm32f10x_rcc.o(.text)
    RCC_WaitForHSEStartUp                    0x08004213   Thumb Code    56  stm32f10x_rcc.o(.text)
    RCC_AdjustHSICalibrationValue            0x0800424b   Thumb Code    20  stm32f10x_rcc.o(.text)
    RCC_HSICmd                               0x0800425f   Thumb Code     6  stm32f10x_rcc.o(.text)
    RCC_PLLConfig                            0x08004265   Thumb Code    24  stm32f10x_rcc.o(.text)
    RCC_PLLCmd                               0x0800427d   Thumb Code     6  stm32f10x_rcc.o(.text)
    RCC_SYSCLKConfig                         0x08004283   Thumb Code    18  stm32f10x_rcc.o(.text)
    RCC_GetSYSCLKSource                      0x08004295   Thumb Code    10  stm32f10x_rcc.o(.text)
    RCC_HCLKConfig                           0x0800429f   Thumb Code    18  stm32f10x_rcc.o(.text)
    RCC_PCLK1Config                          0x080042b1   Thumb Code    18  stm32f10x_rcc.o(.text)
    RCC_PCLK2Config                          0x080042c3   Thumb Code    20  stm32f10x_rcc.o(.text)
    RCC_ITConfig                             0x080042d7   Thumb Code    26  stm32f10x_rcc.o(.text)
    RCC_USBCLKConfig                         0x080042f1   Thumb Code     8  stm32f10x_rcc.o(.text)
    RCC_ADCCLKConfig                         0x080042f9   Thumb Code    18  stm32f10x_rcc.o(.text)
    RCC_LSEConfig                            0x0800430b   Thumb Code    50  stm32f10x_rcc.o(.text)
    RCC_LSICmd                               0x0800433d   Thumb Code     6  stm32f10x_rcc.o(.text)
    RCC_RTCCLKConfig                         0x08004343   Thumb Code    12  stm32f10x_rcc.o(.text)
    RCC_RTCCLKCmd                            0x0800434f   Thumb Code     8  stm32f10x_rcc.o(.text)
    RCC_GetClocksFreq                        0x08004357   Thumb Code   192  stm32f10x_rcc.o(.text)
    RCC_AHBPeriphClockCmd                    0x08004417   Thumb Code    26  stm32f10x_rcc.o(.text)
    RCC_APB2PeriphClockCmd                   0x08004431   Thumb Code    26  stm32f10x_rcc.o(.text)
    RCC_APB1PeriphClockCmd                   0x0800444b   Thumb Code    26  stm32f10x_rcc.o(.text)
    RCC_APB2PeriphResetCmd                   0x08004465   Thumb Code    26  stm32f10x_rcc.o(.text)
    RCC_APB1PeriphResetCmd                   0x0800447f   Thumb Code    26  stm32f10x_rcc.o(.text)
    RCC_BackupResetCmd                       0x08004499   Thumb Code     8  stm32f10x_rcc.o(.text)
    RCC_ClockSecuritySystemCmd               0x080044a1   Thumb Code     6  stm32f10x_rcc.o(.text)
    RCC_MCOConfig                            0x080044a7   Thumb Code     6  stm32f10x_rcc.o(.text)
    RCC_ClearFlag                            0x080044ad   Thumb Code    14  stm32f10x_rcc.o(.text)
    RCC_GetITStatus                          0x080044bb   Thumb Code    20  stm32f10x_rcc.o(.text)
    RCC_ClearITPendingBit                    0x080044cf   Thumb Code     6  stm32f10x_rcc.o(.text)
    SPI_I2S_DeInit                           0x080044f9   Thumb Code    76  stm32f10x_spi.o(.text)
    SPI_Init                                 0x08004545   Thumb Code    60  stm32f10x_spi.o(.text)
    I2S_Init                                 0x08004581   Thumb Code   226  stm32f10x_spi.o(.text)
    SPI_StructInit                           0x08004663   Thumb Code    24  stm32f10x_spi.o(.text)
    I2S_StructInit                           0x0800467b   Thumb Code    20  stm32f10x_spi.o(.text)
    SPI_Cmd                                  0x0800468f   Thumb Code    24  stm32f10x_spi.o(.text)
    I2S_Cmd                                  0x080046a7   Thumb Code    24  stm32f10x_spi.o(.text)
    SPI_I2S_ITConfig                         0x080046bf   Thumb Code    32  stm32f10x_spi.o(.text)
    SPI_I2S_DMACmd                           0x080046df   Thumb Code    18  stm32f10x_spi.o(.text)
    SPI_I2S_SendData                         0x080046f1   Thumb Code     4  stm32f10x_spi.o(.text)
    SPI_I2S_ReceiveData                      0x080046f5   Thumb Code     6  stm32f10x_spi.o(.text)
    SPI_NSSInternalSoftwareConfig            0x080046fb   Thumb Code    30  stm32f10x_spi.o(.text)
    SPI_SSOutputCmd                          0x08004719   Thumb Code    24  stm32f10x_spi.o(.text)
    SPI_DataSizeConfig                       0x08004731   Thumb Code    18  stm32f10x_spi.o(.text)
    SPI_TransmitCRC                          0x08004743   Thumb Code    10  stm32f10x_spi.o(.text)
    SPI_CalculateCRC                         0x0800474d   Thumb Code    24  stm32f10x_spi.o(.text)
    SPI_GetCRC                               0x08004765   Thumb Code    16  stm32f10x_spi.o(.text)
    SPI_GetCRCPolynomial                     0x08004775   Thumb Code     6  stm32f10x_spi.o(.text)
    SPI_BiDirectionalLineConfig              0x0800477b   Thumb Code    28  stm32f10x_spi.o(.text)
    SPI_I2S_GetFlagStatus                    0x08004797   Thumb Code    18  stm32f10x_spi.o(.text)
    SPI_I2S_ClearFlag                        0x080047a9   Thumb Code     6  stm32f10x_spi.o(.text)
    SPI_I2S_GetITStatus                      0x080047af   Thumb Code    52  stm32f10x_spi.o(.text)
    SPI_I2S_ClearITPendingBit                0x080047e3   Thumb Code    20  stm32f10x_spi.o(.text)
    Reset_Handler                            0x08004805   Thumb Code     8  startup_stm32f10x_md.o(.text)
    NMI_Handler                              0x0800480d   Thumb Code     2  startup_stm32f10x_md.o(.text)
    HardFault_Handler                        0x0800480f   Thumb Code     2  startup_stm32f10x_md.o(.text)
    MemManage_Handler                        0x08004811   Thumb Code     2  startup_stm32f10x_md.o(.text)
    BusFault_Handler                         0x08004813   Thumb Code     2  startup_stm32f10x_md.o(.text)
    UsageFault_Handler                       0x08004815   Thumb Code     2  startup_stm32f10x_md.o(.text)
    SVC_Handler                              0x08004817   Thumb Code     2  startup_stm32f10x_md.o(.text)
    DebugMon_Handler                         0x08004819   Thumb Code     2  startup_stm32f10x_md.o(.text)
    PendSV_Handler                           0x0800481b   Thumb Code     2  startup_stm32f10x_md.o(.text)
    ADC1_2_IRQHandler                        0x0800481f   Thumb Code     0  startup_stm32f10x_md.o(.text)
    CAN1_RX1_IRQHandler                      0x0800481f   Thumb Code     0  startup_stm32f10x_md.o(.text)
    CAN1_SCE_IRQHandler                      0x0800481f   Thumb Code     0  startup_stm32f10x_md.o(.text)
    DMA1_Channel1_IRQHandler                 0x0800481f   Thumb Code     0  startup_stm32f10x_md.o(.text)
    DMA1_Channel2_IRQHandler                 0x0800481f   Thumb Code     0  startup_stm32f10x_md.o(.text)
    DMA1_Channel3_IRQHandler                 0x0800481f   Thumb Code     0  startup_stm32f10x_md.o(.text)
    DMA1_Channel4_IRQHandler                 0x0800481f   Thumb Code     0  startup_stm32f10x_md.o(.text)
    DMA1_Channel5_IRQHandler                 0x0800481f   Thumb Code     0  startup_stm32f10x_md.o(.text)
    DMA1_Channel6_IRQHandler                 0x0800481f   Thumb Code     0  startup_stm32f10x_md.o(.text)
    DMA1_Channel7_IRQHandler                 0x0800481f   Thumb Code     0  startup_stm32f10x_md.o(.text)
    EXTI0_IRQHandler                         0x0800481f   Thumb Code     0  startup_stm32f10x_md.o(.text)
    EXTI15_10_IRQHandler                     0x0800481f   Thumb Code     0  startup_stm32f10x_md.o(.text)
    EXTI1_IRQHandler                         0x0800481f   Thumb Code     0  startup_stm32f10x_md.o(.text)
    EXTI2_IRQHandler                         0x0800481f   Thumb Code     0  startup_stm32f10x_md.o(.text)
    EXTI4_IRQHandler                         0x0800481f   Thumb Code     0  startup_stm32f10x_md.o(.text)
    EXTI9_5_IRQHandler                       0x0800481f   Thumb Code     0  startup_stm32f10x_md.o(.text)
    FLASH_IRQHandler                         0x0800481f   Thumb Code     0  startup_stm32f10x_md.o(.text)
    I2C1_ER_IRQHandler                       0x0800481f   Thumb Code     0  startup_stm32f10x_md.o(.text)
    I2C1_EV_IRQHandler                       0x0800481f   Thumb Code     0  startup_stm32f10x_md.o(.text)
    I2C2_ER_IRQHandler                       0x0800481f   Thumb Code     0  startup_stm32f10x_md.o(.text)
    I2C2_EV_IRQHandler                       0x0800481f   Thumb Code     0  startup_stm32f10x_md.o(.text)
    PVD_IRQHandler                           0x0800481f   Thumb Code     0  startup_stm32f10x_md.o(.text)
    RCC_IRQHandler                           0x0800481f   Thumb Code     0  startup_stm32f10x_md.o(.text)
    RTCAlarm_IRQHandler                      0x0800481f   Thumb Code     0  startup_stm32f10x_md.o(.text)
    RTC_IRQHandler                           0x0800481f   Thumb Code     0  startup_stm32f10x_md.o(.text)
    SPI1_IRQHandler                          0x0800481f   Thumb Code     0  startup_stm32f10x_md.o(.text)
    SPI2_IRQHandler                          0x0800481f   Thumb Code     0  startup_stm32f10x_md.o(.text)
    TAMPER_IRQHandler                        0x0800481f   Thumb Code     0  startup_stm32f10x_md.o(.text)
    TIM1_BRK_IRQHandler                      0x0800481f   Thumb Code     0  startup_stm32f10x_md.o(.text)
    TIM1_CC_IRQHandler                       0x0800481f   Thumb Code     0  startup_stm32f10x_md.o(.text)
    TIM1_TRG_COM_IRQHandler                  0x0800481f   Thumb Code     0  startup_stm32f10x_md.o(.text)
    TIM1_UP_IRQHandler                       0x0800481f   Thumb Code     0  startup_stm32f10x_md.o(.text)
    TIM2_IRQHandler                          0x0800481f   Thumb Code     0  startup_stm32f10x_md.o(.text)
    TIM3_IRQHandler                          0x0800481f   Thumb Code     0  startup_stm32f10x_md.o(.text)
    TIM4_IRQHandler                          0x0800481f   Thumb Code     0  startup_stm32f10x_md.o(.text)
    USART1_IRQHandler                        0x0800481f   Thumb Code     0  startup_stm32f10x_md.o(.text)
    USART2_IRQHandler                        0x0800481f   Thumb Code     0  startup_stm32f10x_md.o(.text)
    USART3_IRQHandler                        0x0800481f   Thumb Code     0  startup_stm32f10x_md.o(.text)
    USB_HP_CAN1_TX_IRQHandler                0x0800481f   Thumb Code     0  startup_stm32f10x_md.o(.text)
    WWDG_IRQHandler                          0x0800481f   Thumb Code     0  startup_stm32f10x_md.o(.text)
    __user_initial_stackheap                 0x08004821   Thumb Code     0  startup_stm32f10x_md.o(.text)
    SystemInit                               0x08004923   Thumb Code    78  system_stm32f10x.o(.text)
    SystemCoreClockUpdate                    0x08004971   Thumb Code   142  system_stm32f10x.o(.text)
    __c89vsprintf                            0x08004a25   Thumb Code    32  c89vsprintf.o(.text)
    __aeabi_memcpy                           0x08004a49   Thumb Code     0  rt_memcpy_v6.o(.text)
    __rt_memcpy                              0x08004a49   Thumb Code   138  rt_memcpy_v6.o(.text)
    _memcpy_lastbytes                        0x08004aaf   Thumb Code     0  rt_memcpy_v6.o(.text)
    __use_two_region_memory                  0x08004ad3   Thumb Code     2  heapauxi.o(.text)
    __rt_heap_escrow$2region                 0x08004ad5   Thumb Code     2  heapauxi.o(.text)
    __rt_heap_expand$2region                 0x08004ad7   Thumb Code     2  heapauxi.o(.text)
    _printf_pre_padding                      0x08004ad9   Thumb Code    44  _printf_pad.o(.text)
    _printf_post_padding                     0x08004b05   Thumb Code    34  _printf_pad.o(.text)
    _printf_truncate_signed                  0x08004b27   Thumb Code    18  _printf_truncate.o(.text)
    _printf_truncate_unsigned                0x08004b39   Thumb Code    18  _printf_truncate.o(.text)
    _printf_str                              0x08004b4b   Thumb Code    82  _printf_str.o(.text)
    _printf_int_dec                          0x08004b9d   Thumb Code   100  _printf_dec.o(.text)
    _printf_charcount                        0x08004c11   Thumb Code    40  _printf_charcount.o(.text)
    _printf_char_common                      0x08004c43   Thumb Code    32  _printf_char_common.o(.text)
    _sputc                                   0x08004c69   Thumb Code    10  _sputc.o(.text)
    _printf_wctomb                           0x08004c75   Thumb Code   182  _printf_wctomb.o(.text)
    _printf_longlong_dec                     0x08004d31   Thumb Code   104  _printf_longlong_dec.o(.text)
    _printf_longlong_oct                     0x08004da9   Thumb Code    68  _printf_oct_int_ll.o(.text)
    _printf_int_oct                          0x08004ded   Thumb Code    24  _printf_oct_int_ll.o(.text)
    _printf_ll_oct                           0x08004e05   Thumb Code    12  _printf_oct_int_ll.o(.text)
    _printf_longlong_hex                     0x08004e19   Thumb Code    86  _printf_hex_int_ll_ptr.o(.text)
    _printf_int_hex                          0x08004e6f   Thumb Code    28  _printf_hex_int_ll_ptr.o(.text)
    _printf_ll_hex                           0x08004e8b   Thumb Code    12  _printf_hex_int_ll_ptr.o(.text)
    _printf_hex_ptr                          0x08004e97   Thumb Code    18  _printf_hex_int_ll_ptr.o(.text)
    __printf                                 0x08004ead   Thumb Code   388  __printf_flags_ss_wp.o(.text)
    __aeabi_memcpy4                          0x08005035   Thumb Code     0  rt_memcpy_w.o(.text)
    __aeabi_memcpy8                          0x08005035   Thumb Code     0  rt_memcpy_w.o(.text)
    __rt_memcpy_w                            0x08005035   Thumb Code   100  rt_memcpy_w.o(.text)
    _memcpy_lastbytes_aligned                0x0800507d   Thumb Code     0  rt_memcpy_w.o(.text)
    _ll_udiv10                               0x08005099   Thumb Code   138  lludiv10.o(.text)
    _printf_int_common                       0x08005123   Thumb Code   178  _printf_intcommon.o(.text)
    __lib_sel_fp_printf                      0x080051d5   Thumb Code     2  _printf_fp_dec.o(.text)
    _printf_fp_dec_real                      0x08005383   Thumb Code   616  _printf_fp_dec.o(.text)
    _printf_cs_common                        0x080055eb   Thumb Code    20  _printf_char.o(.text)
    _printf_char                             0x080055ff   Thumb Code    16  _printf_char.o(.text)
    _printf_string                           0x0800560f   Thumb Code     8  _printf_char.o(.text)
    _printf_lcs_common                       0x08005617   Thumb Code    20  _printf_wchar.o(.text)
    _printf_wchar                            0x0800562b   Thumb Code    16  _printf_wchar.o(.text)
    _printf_wstring                          0x0800563b   Thumb Code     8  _printf_wchar.o(.text)
    _wcrtomb                                 0x08005643   Thumb Code    64  _wcrtomb.o(.text)
    __user_setup_stackheap                   0x08005683   Thumb Code    74  sys_stackheap_outer.o(.text)
    __rt_ctype_table                         0x080056cd   Thumb Code    16  rt_ctype_table.o(.text)
    __rt_locale                              0x080056dd   Thumb Code     8  rt_locale_intlibspace.o(.text)
    _printf_fp_infnan                        0x080056e5   Thumb Code   112  _printf_fp_infnan.o(.text)
    _btod_etento                             0x08005765   Thumb Code   212  bigflt0.o(.text)
    exit                                     0x0800583d   Thumb Code    12  exit.o(.text)
    __user_libspace                          0x08005849   Thumb Code     8  libspace.o(.text)
    __user_perproc_libspace                  0x08005849   Thumb Code     0  libspace.o(.text)
    __user_perthread_libspace                0x08005849   Thumb Code     0  libspace.o(.text)
    strcmp                                   0x08005851   Thumb Code   128  strcmpv7m.o(.text)
    _sys_exit                                0x080058d1   Thumb Code     8  sys_exit.o(.text)
    __I$use$semihosting                      0x080058dd   Thumb Code     0  use_no_semi.o(.text)
    __use_no_semihosting_swi                 0x080058dd   Thumb Code     2  use_no_semi.o(.text)
    __semihosting_library_function           0x080058df   Thumb Code     0  indicate_semi.o(.text)
    _btod_d2e                                0x080058df   Thumb Code    62  btod.o(CL$$btod_d2e)
    _d2e_denorm_low                          0x0800591d   Thumb Code    70  btod.o(CL$$btod_d2e_denorm_low)
    _d2e_norm_op1                            0x08005963   Thumb Code    96  btod.o(CL$$btod_d2e_norm_op1)
    __btod_div_common                        0x080059c3   Thumb Code   696  btod.o(CL$$btod_div_common)
    _e2e                                     0x08005cfb   Thumb Code   198  btod.o(CL$$btod_e2e)
    _btod_ediv                               0x08005dc1   Thumb Code    40  btod.o(CL$$btod_ediv)
    _btod_emul                               0x08005de9   Thumb Code    40  btod.o(CL$$btod_emul)
    __btod_mult_common                       0x08005e11   Thumb Code   580  btod.o(CL$$btod_mult_common)
    __ARM_fpclassify                         0x08006055   Thumb Code    40  fpclassify.o(i.__ARM_fpclassify)
    _is_digit                                0x0800607d   Thumb Code    14  __printf_wp.o(i._is_digit)
    _get_lc_numeric                          0x0800608d   Thumb Code    44  lc_numeric_c.o(locale$$code)
    _get_lc_ctype                            0x080060b9   Thumb Code    44  lc_ctype_c.o(locale$$code)
    __aeabi_ddiv                             0x080060e5   Thumb Code     0  ddiv.o(x$fpl$ddiv)
    _ddiv                                    0x080060e5   Thumb Code   552  ddiv.o(x$fpl$ddiv)
    __aeabi_d2uiz                            0x08006395   Thumb Code     0  dfixu.o(x$fpl$dfixu)
    _dfixu                                   0x08006395   Thumb Code    90  dfixu.o(x$fpl$dfixu)
    __aeabi_i2d                              0x080063ef   Thumb Code     0  dflt_clz.o(x$fpl$dflt)
    _dflt                                    0x080063ef   Thumb Code    46  dflt_clz.o(x$fpl$dflt)
    __aeabi_dmul                             0x0800641d   Thumb Code     0  dmul.o(x$fpl$dmul)
    _dmul                                    0x0800641d   Thumb Code   332  dmul.o(x$fpl$dmul)
    __fpl_dnaninf                            0x08006571   Thumb Code   156  dnaninf.o(x$fpl$dnaninf)
    __fpl_dretinf                            0x0800660d   Thumb Code    12  dretinf.o(x$fpl$dretinf)
    _printf_fp_dec                           0x08006619   Thumb Code     4  printf1.o(x$fpl$printf1)
    Virtual_Com_Port_DeviceDescriptor        0x0800661c   Data          18  usb_desc.o(.constdata)
    __I$use$fp                               0x0800661c   Number         0  usenofp.o(x$fpl$usenofp)
    Virtual_Com_Port_ConfigDescriptor        0x0800662e   Data          67  usb_desc.o(.constdata)
    Virtual_Com_Port_StringLangID            0x08006671   Data           4  usb_desc.o(.constdata)
    Virtual_Com_Port_StringVendor            0x08006675   Data          24  usb_desc.o(.constdata)
    Virtual_Com_Port_StringProduct           0x0800668d   Data          38  usb_desc.o(.constdata)
    Region$$Table$$Base                      0x0800678c   Number         0  anon$$obj.o(Region$$Table)
    Region$$Table$$Limit                     0x080067ac   Number         0  anon$$obj.o(Region$$Table)
    __ctype                                  0x080067d5   Data           0  lc_ctype_c.o(locale$$data)
    NrfState                                 0x20000000   Data           1  main.o(.data)
    RX_ADDRESS                               0x20000001   Data           5  main.o(.data)
    TX_ADDRESS                               0x20000006   Data           5  main.o(.data)
    timeCount                                0x2000000c   Data           4  main.o(.data)
    txFailCount                              0x20000010   Data           1  main.o(.data)
    lostControlFlag                          0x20000011   Data           1  main.o(.data)
    TimingDelay                              0x20000014   Data           4  delay.o(.data)
    HSEStartUpStatus                         0x20000024   Data           1  hw_config.o(.data)
    EXTI_InitStructure                       0x20000028   Data           8  hw_config.o(.data)
    Virtual_Com_Port_StringSerial            0x20000030   Data          38  usb_desc.o(.data)
    wIstr                                    0x20000060   Data           2  usb_istr.o(.data)
    bIntPackSOF                              0x20000062   Data           1  usb_istr.o(.data)
    esof_counter                             0x20000064   Data           4  usb_istr.o(.data)
    wCNTR                                    0x20000068   Data           4  usb_istr.o(.data)
    pEpInt_IN                                0x2000006c   Data          28  usb_istr.o(.data)
    pEpInt_OUT                               0x20000088   Data          28  usb_istr.o(.data)
    Request                                  0x200000a4   Data           1  usb_prop.o(.data)
    linecoding                               0x200000a8   Data           8  usb_prop.o(.data)
    Device_Table                             0x200000b0   Data           2  usb_prop.o(.data)
    Device_Property                          0x200000b4   Data          48  usb_prop.o(.data)
    User_Standard_Requests                   0x200000e4   Data          36  usb_prop.o(.data)
    Device_Descriptor                        0x20000108   Data           8  usb_prop.o(.data)
    Config_Descriptor                        0x20000110   Data           8  usb_prop.o(.data)
    String_Descriptor                        0x20000118   Data          32  usb_prop.o(.data)
    bDeviceState                             0x20000138   Data           4  usb_pwr.o(.data)
    fSuspendEnabled                          0x2000013c   Data           1  usb_pwr.o(.data)
    ResumeS                                  0x2000013d   Data           2  usb_pwr.o(.data)
    remotewakeupon                           0x20000140   Data           4  usb_pwr.o(.data)
    StatusInfo                               0x20000144   Data           2  usb_core.o(.data)
    Data_Mul_MaxPacketSize                   0x20000146   Data           1  usb_core.o(.data)
    EPindex                                  0x20000148   Data           1  usb_init.o(.data)
    pInformation                             0x2000014c   Data           4  usb_init.o(.data)
    pProperty                                0x20000150   Data           4  usb_init.o(.data)
    SaveState                                0x20000154   Data           2  usb_init.o(.data)
    wInterrupt_Mask                          0x20000156   Data           2  usb_init.o(.data)
    pUser_Standard_Requests                  0x20000158   Data           4  usb_init.o(.data)
    SaveRState                               0x2000015c   Data           2  usb_int.o(.data)
    SaveTState                               0x2000015e   Data           2  usb_int.o(.data)
    SystemCoreClock                          0x20000174   Data           4  system_stm32f10x.o(.data)
    AHBPrescTable                            0x20000178   Data          16  system_stm32f10x.o(.data)
    NRF24L01_RXDATA                          0x20000188   Data          32  main.o(.bss)
    NRF24L01_TXDATA                          0x200001a8   Data          32  main.o(.bss)
    BBMess                                   0x200001c8   Data          32  main.o(.bss)
    USART_InitStructure                      0x20000208   Data          16  hw_config.o(.bss)
    EP                                       0x20000cb8   Data          32  usb_pwr.o(.bss)
    Device_Info                              0x20000cd8   Data          28  usb_init.o(.bss)
    __libspace_start                         0x20000cf4   Data          96  libspace.o(.bss)
    __temporary_stack_top$libspace           0x20000d54   Data           0  libspace.o(.bss)



==============================================================================

Memory Map of the image

  Image Entry point : 0x080000ed

  Load Region LR_IROM1 (Base: 0x08000000, Size: 0x00006a60, Max: 0x00010000, ABSOLUTE, COMPRESSED[0x00006988])

    Execution Region ER_IROM1 (Base: 0x08000000, Size: 0x000068d8, Max: 0x00010000, ABSOLUTE)

    Base Addr    Size         Type   Attr      Idx    E Section Name        Object

    0x08000000   0x000000ec   Data   RO          916    RESET               startup_stm32f10x_md.o
    0x080000ec   0x00000008   Code   RO          955  * !!!main             c_w.l(__main.o)
    0x080000f4   0x00000034   Code   RO         1288    !!!scatter          c_w.l(__scatter.o)
    0x08000128   0x0000005a   Code   RO         1286    !!dczerorl2         c_w.l(__dczerorl2.o)
    0x08000182   0x00000002   PAD
    0x08000184   0x0000001c   Code   RO         1290    !!handler_zi        c_w.l(__scatter_zi.o)
    0x080001a0   0x00000000   Code   RO         1055    .ARM.Collect$$_printf_percent$$00000000  c_w.l(_printf_percent.o)
    0x080001a0   0x00000006   Code   RO         1044    .ARM.Collect$$_printf_percent$$00000001  c_w.l(_printf_n.o)
    0x080001a6   0x00000006   Code   RO         1046    .ARM.Collect$$_printf_percent$$00000002  c_w.l(_printf_p.o)
    0x080001ac   0x00000006   Code   RO         1051    .ARM.Collect$$_printf_percent$$00000003  c_w.l(_printf_f.o)
    0x080001b2   0x00000006   Code   RO         1052    .ARM.Collect$$_printf_percent$$00000004  c_w.l(_printf_e.o)
    0x080001b8   0x00000006   Code   RO         1053    .ARM.Collect$$_printf_percent$$00000005  c_w.l(_printf_g.o)
    0x080001be   0x00000006   Code   RO         1054    .ARM.Collect$$_printf_percent$$00000006  c_w.l(_printf_a.o)
    0x080001c4   0x0000000a   Code   RO         1059    .ARM.Collect$$_printf_percent$$00000007  c_w.l(_printf_ll.o)
    0x080001ce   0x00000006   Code   RO         1048    .ARM.Collect$$_printf_percent$$00000008  c_w.l(_printf_i.o)
    0x080001d4   0x00000006   Code   RO         1049    .ARM.Collect$$_printf_percent$$00000009  c_w.l(_printf_d.o)
    0x080001da   0x00000006   Code   RO         1050    .ARM.Collect$$_printf_percent$$0000000A  c_w.l(_printf_u.o)
    0x080001e0   0x00000006   Code   RO         1047    .ARM.Collect$$_printf_percent$$0000000B  c_w.l(_printf_o.o)
    0x080001e6   0x00000006   Code   RO         1045    .ARM.Collect$$_printf_percent$$0000000C  c_w.l(_printf_x.o)
    0x080001ec   0x00000006   Code   RO         1056    .ARM.Collect$$_printf_percent$$0000000D  c_w.l(_printf_lli.o)
    0x080001f2   0x00000006   Code   RO         1057    .ARM.Collect$$_printf_percent$$0000000E  c_w.l(_printf_lld.o)
    0x080001f8   0x00000006   Code   RO         1058    .ARM.Collect$$_printf_percent$$0000000F  c_w.l(_printf_llu.o)
    0x080001fe   0x00000006   Code   RO         1063    .ARM.Collect$$_printf_percent$$00000010  c_w.l(_printf_llo.o)
    0x08000204   0x00000006   Code   RO         1064    .ARM.Collect$$_printf_percent$$00000011  c_w.l(_printf_llx.o)
    0x0800020a   0x0000000a   Code   RO         1060    .ARM.Collect$$_printf_percent$$00000012  c_w.l(_printf_l.o)
    0x08000214   0x00000006   Code   RO         1042    .ARM.Collect$$_printf_percent$$00000013  c_w.l(_printf_c.o)
    0x0800021a   0x00000006   Code   RO         1043    .ARM.Collect$$_printf_percent$$00000014  c_w.l(_printf_s.o)
    0x08000220   0x00000006   Code   RO         1061    .ARM.Collect$$_printf_percent$$00000015  c_w.l(_printf_lc.o)
    0x08000226   0x00000006   Code   RO         1062    .ARM.Collect$$_printf_percent$$00000016  c_w.l(_printf_ls.o)
    0x0800022c   0x00000004   Code   RO         1101    .ARM.Collect$$_printf_percent$$00000017  c_w.l(_printf_percent_end.o)
    0x08000230   0x00000002   Code   RO         1150    .ARM.Collect$$libinit$$00000000  c_w.l(libinit.o)
    0x08000232   0x00000000   Code   RO         1166    .ARM.Collect$$libinit$$00000002  c_w.l(libinit2.o)
    0x08000232   0x00000000   Code   RO         1169    .ARM.Collect$$libinit$$00000008  c_w.l(libinit2.o)
    0x08000232   0x00000000   Code   RO         1171    .ARM.Collect$$libinit$$0000000A  c_w.l(libinit2.o)
    0x08000232   0x00000000   Code   RO         1173    .ARM.Collect$$libinit$$0000000C  c_w.l(libinit2.o)
    0x08000232   0x00000006   Code   RO         1174    .ARM.Collect$$libinit$$0000000D  c_w.l(libinit2.o)
    0x08000238   0x00000000   Code   RO         1176    .ARM.Collect$$libinit$$0000000F  c_w.l(libinit2.o)
    0x08000238   0x0000000c   Code   RO         1177    .ARM.Collect$$libinit$$00000010  c_w.l(libinit2.o)
    0x08000244   0x00000000   Code   RO         1178    .ARM.Collect$$libinit$$00000011  c_w.l(libinit2.o)
    0x08000244   0x00000000   Code   RO         1180    .ARM.Collect$$libinit$$00000013  c_w.l(libinit2.o)
    0x08000244   0x0000000a   Code   RO         1181    .ARM.Collect$$libinit$$00000014  c_w.l(libinit2.o)
    0x0800024e   0x00000000   Code   RO         1182    .ARM.Collect$$libinit$$00000015  c_w.l(libinit2.o)
    0x0800024e   0x00000000   Code   RO         1184    .ARM.Collect$$libinit$$00000017  c_w.l(libinit2.o)
    0x0800024e   0x00000000   Code   RO         1186    .ARM.Collect$$libinit$$00000019  c_w.l(libinit2.o)
    0x0800024e   0x00000000   Code   RO         1188    .ARM.Collect$$libinit$$0000001B  c_w.l(libinit2.o)
    0x0800024e   0x00000000   Code   RO         1190    .ARM.Collect$$libinit$$0000001D  c_w.l(libinit2.o)
    0x0800024e   0x00000000   Code   RO         1192    .ARM.Collect$$libinit$$0000001F  c_w.l(libinit2.o)
    0x0800024e   0x00000000   Code   RO         1194    .ARM.Collect$$libinit$$00000021  c_w.l(libinit2.o)
    0x0800024e   0x00000000   Code   RO         1196    .ARM.Collect$$libinit$$00000023  c_w.l(libinit2.o)
    0x0800024e   0x00000000   Code   RO         1200    .ARM.Collect$$libinit$$0000002A  c_w.l(libinit2.o)
    0x0800024e   0x00000000   Code   RO         1202    .ARM.Collect$$libinit$$0000002C  c_w.l(libinit2.o)
    0x0800024e   0x00000000   Code   RO         1204    .ARM.Collect$$libinit$$0000002E  c_w.l(libinit2.o)
    0x0800024e   0x00000000   Code   RO         1206    .ARM.Collect$$libinit$$00000030  c_w.l(libinit2.o)
    0x0800024e   0x00000002   Code   RO         1207    .ARM.Collect$$libinit$$00000031  c_w.l(libinit2.o)
    0x08000250   0x00000002   Code   RO         1227    .ARM.Collect$$libshutdown$$00000000  c_w.l(libshutdown.o)
    0x08000252   0x00000000   Code   RO         1241    .ARM.Collect$$libshutdown$$00000003  c_w.l(libshutdown2.o)
    0x08000252   0x00000000   Code   RO         1244    .ARM.Collect$$libshutdown$$00000006  c_w.l(libshutdown2.o)
    0x08000252   0x00000000   Code   RO         1247    .ARM.Collect$$libshutdown$$00000009  c_w.l(libshutdown2.o)
    0x08000252   0x00000000   Code   RO         1249    .ARM.Collect$$libshutdown$$0000000B  c_w.l(libshutdown2.o)
    0x08000252   0x00000000   Code   RO         1252    .ARM.Collect$$libshutdown$$0000000E  c_w.l(libshutdown2.o)
    0x08000252   0x00000002   Code   RO         1253    .ARM.Collect$$libshutdown$$0000000F  c_w.l(libshutdown2.o)
    0x08000254   0x00000000   Code   RO          973    .ARM.Collect$$rtentry$$00000000  c_w.l(rtentry.o)
    0x08000254   0x00000000   Code   RO         1075    .ARM.Collect$$rtentry$$00000002  c_w.l(rtentry2.o)
    0x08000254   0x00000006   Code   RO         1087    .ARM.Collect$$rtentry$$00000004  c_w.l(rtentry4.o)
    0x0800025a   0x00000000   Code   RO         1077    .ARM.Collect$$rtentry$$00000009  c_w.l(rtentry2.o)
    0x0800025a   0x00000004   Code   RO         1078    .ARM.Collect$$rtentry$$0000000A  c_w.l(rtentry2.o)
    0x0800025e   0x00000000   Code   RO         1080    .ARM.Collect$$rtentry$$0000000C  c_w.l(rtentry2.o)
    0x0800025e   0x00000008   Code   RO         1081    .ARM.Collect$$rtentry$$0000000D  c_w.l(rtentry2.o)
    0x08000266   0x00000002   Code   RO         1158    .ARM.Collect$$rtexit$$00000000  c_w.l(rtexit.o)
    0x08000268   0x00000000   Code   RO         1209    .ARM.Collect$$rtexit$$00000002  c_w.l(rtexit2.o)
    0x08000268   0x00000004   Code   RO         1210    .ARM.Collect$$rtexit$$00000003  c_w.l(rtexit2.o)
    0x0800026c   0x00000006   Code   RO         1211    .ARM.Collect$$rtexit$$00000004  c_w.l(rtexit2.o)
    0x08000272   0x00000002   PAD
    0x08000274   0x000002f4   Code   RO            3    .text               main.o
    0x08000568   0x0000011c   Code   RO          128    .text               systeminit.o
    0x08000684   0x0000013c   Code   RO          162    .text               adc.o
    0x080007c0   0x00000058   Code   RO          187    .text               delay.o
    0x08000818   0x00000410   Code   RO          210    .text               spinrf.o
    0x08000c28   0x00000032   Code   RO          232    .text               usb2com.o
    0x08000c5a   0x00000002   PAD
    0x08000c5c   0x000001d8   Code   RO          259    .text               hw_config.o
    0x08000e34   0x000004ea   Code   RO          329    .text               queue.o
    0x0800131e   0x00000002   PAD
    0x08001320   0x000000c8   Code   RO          374    .text               usb_endp.o
    0x080013e8   0x000001d0   Code   RO          400    .text               usb_istr.o
    0x080015b8   0x00000014   Code   RO          426    .text               usb_it.o
    0x080015cc   0x0000023c   Code   RO          470    .text               usb_prop.o
    0x08001808   0x00000240   Code   RO          501    .text               usb_pwr.o
    0x08001a48   0x00000b50   Code   RO          528    .text               usb_core.o
    0x08002598   0x0000003c   Code   RO          551    .text               usb_init.o
    0x080025d4   0x0000033c   Code   RO          582    .text               usb_int.o
    0x08002910   0x0000005c   Code   RO          614    .text               usb_mem.o
    0x0800296c   0x00000808   Code   RO          634    .text               usb_regs.o
    0x08003174   0x00000080   Code   RO          654    .text               usb_sil.o
    0x080031f4   0x000000dc   Code   RO          674    .text               misc.o
    0x080032d0   0x0000044e   Code   RO          694    .text               stm32f10x_adc.o
    0x0800371e   0x00000002   PAD
    0x08003720   0x0000011c   Code   RO          734    .text               stm32f10x_exti.o
    0x0800383c   0x000005bc   Code   RO          754    .text               stm32f10x_flash.o
    0x08003df8   0x0000035c   Code   RO          774    .text               stm32f10x_gpio.o
    0x08004154   0x000003a4   Code   RO          834    .text               stm32f10x_rcc.o
    0x080044f8   0x0000030c   Code   RO          856    .text               stm32f10x_spi.o
    0x08004804   0x00000040   Code   RO          917    .text               startup_stm32f10x_md.o
    0x08004844   0x000001e0   Code   RO          923    .text               system_stm32f10x.o
    0x08004a24   0x00000024   Code   RO          949    .text               c_w.l(c89vsprintf.o)
    0x08004a48   0x0000008a   Code   RO          951    .text               c_w.l(rt_memcpy_v6.o)
    0x08004ad2   0x00000006   Code   RO          953    .text               c_w.l(heapauxi.o)
    0x08004ad8   0x0000004e   Code   RO          976    .text               c_w.l(_printf_pad.o)
    0x08004b26   0x00000024   Code   RO          978    .text               c_w.l(_printf_truncate.o)
    0x08004b4a   0x00000052   Code   RO          980    .text               c_w.l(_printf_str.o)
    0x08004b9c   0x00000074   Code   RO          982    .text               c_w.l(_printf_dec.o)
    0x08004c10   0x00000028   Code   RO          984    .text               c_w.l(_printf_charcount.o)
    0x08004c38   0x00000030   Code   RO          986    .text               c_w.l(_printf_char_common.o)
    0x08004c68   0x0000000a   Code   RO          988    .text               c_w.l(_sputc.o)
    0x08004c72   0x00000002   PAD
    0x08004c74   0x000000bc   Code   RO          990    .text               c_w.l(_printf_wctomb.o)
    0x08004d30   0x00000078   Code   RO          993    .text               c_w.l(_printf_longlong_dec.o)
    0x08004da8   0x00000070   Code   RO          999    .text               c_w.l(_printf_oct_int_ll.o)
    0x08004e18   0x00000094   Code   RO         1019    .text               c_w.l(_printf_hex_int_ll_ptr.o)
    0x08004eac   0x00000188   Code   RO         1039    .text               c_w.l(__printf_flags_ss_wp.o)
    0x08005034   0x00000064   Code   RO         1065    .text               c_w.l(rt_memcpy_w.o)
    0x08005098   0x0000008a   Code   RO         1089    .text               c_w.l(lludiv10.o)
    0x08005122   0x000000b2   Code   RO         1091    .text               c_w.l(_printf_intcommon.o)
    0x080051d4   0x00000416   Code   RO         1093    .text               c_w.l(_printf_fp_dec.o)
    0x080055ea   0x0000002c   Code   RO         1097    .text               c_w.l(_printf_char.o)
    0x08005616   0x0000002c   Code   RO         1099    .text               c_w.l(_printf_wchar.o)
    0x08005642   0x00000040   Code   RO         1102    .text               c_w.l(_wcrtomb.o)
    0x08005682   0x0000004a   Code   RO         1104    .text               c_w.l(sys_stackheap_outer.o)
    0x080056cc   0x00000010   Code   RO         1106    .text               c_w.l(rt_ctype_table.o)
    0x080056dc   0x00000008   Code   RO         1111    .text               c_w.l(rt_locale_intlibspace.o)
    0x080056e4   0x00000080   Code   RO         1113    .text               c_w.l(_printf_fp_infnan.o)
    0x08005764   0x000000d8   Code   RO         1115    .text               c_w.l(bigflt0.o)
    0x0800583c   0x0000000c   Code   RO         1143    .text               c_w.l(exit.o)
    0x08005848   0x00000008   Code   RO         1155    .text               c_w.l(libspace.o)
    0x08005850   0x00000080   Code   RO         1163    .text               c_w.l(strcmpv7m.o)
    0x080058d0   0x0000000c   Code   RO         1219    .text               c_w.l(sys_exit.o)
    0x080058dc   0x00000002   Code   RO         1230    .text               c_w.l(use_no_semi.o)
    0x080058de   0x00000000   Code   RO         1232    .text               c_w.l(indicate_semi.o)
    0x080058de   0x0000003e   Code   RO         1118    CL$$btod_d2e        c_w.l(btod.o)
    0x0800591c   0x00000046   Code   RO         1120    CL$$btod_d2e_denorm_low  c_w.l(btod.o)
    0x08005962   0x00000060   Code   RO         1119    CL$$btod_d2e_norm_op1  c_w.l(btod.o)
    0x080059c2   0x00000338   Code   RO         1128    CL$$btod_div_common  c_w.l(btod.o)
    0x08005cfa   0x000000c6   Code   RO         1125    CL$$btod_e2e        c_w.l(btod.o)
    0x08005dc0   0x00000028   Code   RO         1122    CL$$btod_ediv       c_w.l(btod.o)
    0x08005de8   0x00000028   Code   RO         1121    CL$$btod_emul       c_w.l(btod.o)
    0x08005e10   0x00000244   Code   RO         1127    CL$$btod_mult_common  c_w.l(btod.o)
    0x08006054   0x00000028   Code   RO         1153    i.__ARM_fpclassify  m_ws.l(fpclassify.o)
    0x0800607c   0x0000000e   Code   RO         1032    i._is_digit         c_w.l(__printf_wp.o)
    0x0800608a   0x00000002   PAD
    0x0800608c   0x0000002c   Code   RO         1141    locale$$code        c_w.l(lc_numeric_c.o)
    0x080060b8   0x0000002c   Code   RO         1161    locale$$code        c_w.l(lc_ctype_c.o)
    0x080060e4   0x000002b0   Code   RO          958    x$fpl$ddiv          fz_ws.l(ddiv.o)
    0x08006394   0x0000005a   Code   RO          961    x$fpl$dfixu         fz_ws.l(dfixu.o)
    0x080063ee   0x0000002e   Code   RO          966    x$fpl$dflt          fz_ws.l(dflt_clz.o)
    0x0800641c   0x00000154   Code   RO          971    x$fpl$dmul          fz_ws.l(dmul.o)
    0x08006570   0x0000009c   Code   RO         1067    x$fpl$dnaninf       fz_ws.l(dnaninf.o)
    0x0800660c   0x0000000c   Code   RO         1069    x$fpl$dretinf       fz_ws.l(dretinf.o)
    0x08006618   0x00000004   Code   RO         1071    x$fpl$printf1       fz_ws.l(printf1.o)
    0x0800661c   0x00000000   Code   RO         1073    x$fpl$usenofp       fz_ws.l(usenofp.o)
    0x0800661c   0x00000097   Data   RO          353    .constdata          usb_desc.o
    0x080066b3   0x00000001   PAD
    0x080066b4   0x00000008   Data   RO          991    .constdata          c_w.l(_printf_wctomb.o)
    0x080066bc   0x00000028   Data   RO         1020    .constdata          c_w.l(_printf_hex_int_ll_ptr.o)
    0x080066e4   0x00000011   Data   RO         1040    .constdata          c_w.l(__printf_flags_ss_wp.o)
    0x080066f5   0x00000003   PAD
    0x080066f8   0x00000094   Data   RO         1116    .constdata          c_w.l(bigflt0.o)
    0x0800678c   0x00000020   Data   RO         1284    Region$$Table       anon$$obj.o
    0x080067ac   0x0000001c   Data   RO         1140    locale$$data        c_w.l(lc_numeric_c.o)
    0x080067c8   0x00000110   Data   RO         1160    locale$$data        c_w.l(lc_ctype_c.o)


    Execution Region RW_IRAM1 (Base: 0x20000000, Size: 0x00001358, Max: 0x00005000, ABSOLUTE, COMPRESSED[0x000000b0])

    Base Addr    Size         Type   Attr      Idx    E Section Name        Object

    0x20000000   0x00000012   Data   RW            5    .data               main.o
    0x20000012   0x00000002   PAD
    0x20000014   0x00000004   Data   RW          188    .data               delay.o
    0x20000018   0x0000000a   Data   RW          211    .data               spinrf.o
    0x20000022   0x00000002   PAD
    0x20000024   0x0000000c   Data   RW          261    .data               hw_config.o
    0x20000030   0x00000026   Data   RW          354    .data               usb_desc.o
    0x20000056   0x00000002   PAD
    0x20000058   0x00000008   Data   RW          376    .data               usb_endp.o
    0x20000060   0x00000044   Data   RW          401    .data               usb_istr.o
    0x200000a4   0x00000094   Data   RW          471    .data               usb_prop.o
    0x20000138   0x0000000c   Data   RW          503    .data               usb_pwr.o
    0x20000144   0x00000003   Data   RW          529    .data               usb_core.o
    0x20000147   0x00000001   PAD
    0x20000148   0x00000014   Data   RW          553    .data               usb_init.o
    0x2000015c   0x00000004   Data   RW          583    .data               usb_int.o
    0x20000160   0x00000014   Data   RW          835    .data               stm32f10x_rcc.o
    0x20000174   0x00000014   Data   RW          924    .data               system_stm32f10x.o
    0x20000188   0x00000060   Zero   RW            4    .bss                main.o
    0x200001e8   0x00000020   Zero   RW          163    .bss                adc.o
    0x20000208   0x00000a30   Zero   RW          260    .bss                hw_config.o
    0x20000c38   0x00000080   Zero   RW          375    .bss                usb_endp.o
    0x20000cb8   0x00000020   Zero   RW          502    .bss                usb_pwr.o
    0x20000cd8   0x0000001c   Zero   RW          552    .bss                usb_init.o
    0x20000cf4   0x00000060   Zero   RW         1156    .bss                c_w.l(libspace.o)
    0x20000d54   0x00000004   PAD
    0x20000d58   0x00000200   Zero   RW          915    HEAP                startup_stm32f10x_md.o
    0x20000f58   0x00000400   Zero   RW          914    STACK               startup_stm32f10x_md.o


==============================================================================

Image component sizes


      Code (inc. data)   RO Data    RW Data    ZI Data      Debug   Object Name

       316         22          0          0         32       1212   adc.o
        88          6          0          4          0       1357   delay.o
       472         40          0         12       2608      17465   hw_config.o
       756         62          0         18         96     260053   main.o
       220         22          0          0          0       2001   misc.o
      1258          0          0          0          0       6435   queue.o
      1040         32          0         10          0       4246   spinrf.o
        64         26        236          0       1536        812   startup_stm32f10x_md.o
      1102         26          0          0          0      11037   stm32f10x_adc.o
       284         10          0          0          0       2439   stm32f10x_exti.o
      1468         34          0          0          0       8230   stm32f10x_flash.o
       860         38          0          0          0       5845   stm32f10x_gpio.o
       932         36          0         20          0       9020   stm32f10x_rcc.o
       780         14          0          0          0       6730   stm32f10x_spi.o
       480         38          0         20          0       1875   system_stm32f10x.o
       284         14          0          0          0      23998   systeminit.o
        50          0          0          0          0       2183   usb2com.o
      2896        114          0          3          0       8083   usb_core.o
         0          0        151         38          0       1047   usb_desc.o
       200         22          0          8        128       1556   usb_endp.o
        60         24          0         20         28       4134   usb_init.o
       828         34          0          4          0       1939   usb_int.o
       464         38          0         68          0       1563   usb_istr.o
        20          0          0          0          0        590   usb_it.o
        92          6          0          0          0       1422   usb_mem.o
       572         42          0        148          0       7247   usb_prop.o
       576         40          0         12         32       2847   usb_pwr.o
      2056         20          0          0          0      11737   usb_regs.o
       128          8          0          0          0       1442   usb_sil.o

    ----------------------------------------------------------------------
     18352        768        420        392       4460     408545   Object Totals
         0          0         32          0          0          0   (incl. Generated)
         6          0          1          7          0          0   (incl. Padding)

    ----------------------------------------------------------------------

      Code (inc. data)   RO Data    RW Data    ZI Data      Debug   Library Member Name

        90          0          0          0          0          0   __dczerorl2.o
         8          0          0          0          0         68   __main.o
       392          4         17          0          0         92   __printf_flags_ss_wp.o
        14          0          0          0          0         68   __printf_wp.o
        52          8          0          0          0          0   __scatter.o
        28          0          0          0          0          0   __scatter_zi.o
         6          0          0          0          0          0   _printf_a.o
         6          0          0          0          0          0   _printf_c.o
        44          0          0          0          0        108   _printf_char.o
        48          6          0          0          0         96   _printf_char_common.o
        40          0          0          0          0         68   _printf_charcount.o
         6          0          0          0          0          0   _printf_d.o
       116         16          0          0          0         92   _printf_dec.o
         6          0          0          0          0          0   _printf_e.o
         6          0          0          0          0          0   _printf_f.o
      1046          0          0          0          0        216   _printf_fp_dec.o
       128         16          0          0          0         84   _printf_fp_infnan.o
         6          0          0          0          0          0   _printf_g.o
       148          4         40          0          0        160   _printf_hex_int_ll_ptr.o
         6          0          0          0          0          0   _printf_i.o
       178          0          0          0          0         88   _printf_intcommon.o
        10          0          0          0          0          0   _printf_l.o
         6          0          0          0          0          0   _printf_lc.o
        10          0          0          0          0          0   _printf_ll.o
         6          0          0          0          0          0   _printf_lld.o
         6          0          0          0          0          0   _printf_lli.o
         6          0          0          0          0          0   _printf_llo.o
         6          0          0          0          0          0   _printf_llu.o
         6          0          0          0          0          0   _printf_llx.o
       120         16          0          0          0         92   _printf_longlong_dec.o
         6          0          0          0          0          0   _printf_ls.o
         6          0          0          0          0          0   _printf_n.o
         6          0          0          0          0          0   _printf_o.o
       112          8          0          0          0        124   _printf_oct_int_ll.o
         6          0          0          0          0          0   _printf_p.o
        78          0          0          0          0        108   _printf_pad.o
         0          0          0          0          0          0   _printf_percent.o
         4          0          0          0          0          0   _printf_percent_end.o
         6          0          0          0          0          0   _printf_s.o
        82          0          0          0          0         80   _printf_str.o
        36          0          0          0          0         84   _printf_truncate.o
         6          0          0          0          0          0   _printf_u.o
        44          0          0          0          0        108   _printf_wchar.o
       188          6          8          0          0         92   _printf_wctomb.o
         6          0          0          0          0          0   _printf_x.o
        10          0          0          0          0         68   _sputc.o
        64          0          0          0          0         92   _wcrtomb.o
       216          4        148          0          0         96   bigflt0.o
      1910        128          0          0          0        672   btod.o
        36          4          0          0          0         76   c89vsprintf.o
        12          0          0          0          0         72   exit.o
         6          0          0          0          0        152   heapauxi.o
         0          0          0          0          0          0   indicate_semi.o
        44         10        272          0          0         76   lc_ctype_c.o
        44         10         28          0          0         76   lc_numeric_c.o
         2          0          0          0          0          0   libinit.o
        30          0          0          0          0          0   libinit2.o
         2          0          0          0          0          0   libshutdown.o
         2          0          0          0          0          0   libshutdown2.o
         8          4          0          0         96         68   libspace.o
       138          0          0          0          0         80   lludiv10.o
        16          4          0          0          0         76   rt_ctype_table.o
         8          4          0          0          0         68   rt_locale_intlibspace.o
       138          0          0          0          0         68   rt_memcpy_v6.o
       100          0          0          0          0         80   rt_memcpy_w.o
         0          0          0          0          0          0   rtentry.o
        12          0          0          0          0          0   rtentry2.o
         6          0          0          0          0          0   rtentry4.o
         2          0          0          0          0          0   rtexit.o
        10          0          0          0          0          0   rtexit2.o
       128          0          0          0          0         68   strcmpv7m.o
        12          4          0          0          0         68   sys_exit.o
        74          0          0          0          0         80   sys_stackheap_outer.o
         2          0          0          0          0         68   use_no_semi.o
       688        140          0          0          0        208   ddiv.o
        90          4          0          0          0         92   dfixu.o
        46          0          0          0          0         68   dflt_clz.o
       340         12          0          0          0        104   dmul.o
       156          4          0          0          0         92   dnaninf.o
        12          0          0          0          0         68   dretinf.o
         4          0          0          0          0         68   printf1.o
         0          0          0          0          0          0   usenofp.o
        40          0          0          0          0         68   fpclassify.o

    ----------------------------------------------------------------------
      7552        416        516          0        100       4700   Library Totals
         8          0          3          0          4          0   (incl. Padding)

    ----------------------------------------------------------------------

      Code (inc. data)   RO Data    RW Data    ZI Data      Debug   Library Name

      6168        256        513          0         96       3932   c_w.l
      1336        160          0          0          0        700   fz_ws.l
        40          0          0          0          0         68   m_ws.l

    ----------------------------------------------------------------------
      7552        416        516          0        100       4700   Library Totals

    ----------------------------------------------------------------------

==============================================================================


      Code (inc. data)   RO Data    RW Data    ZI Data      Debug   

     25904       1184        936        392       4560     408145   Grand Totals
     25904       1184        936        176       4560     408145   ELF Image Totals (compressed)
     25904       1184        936        176          0          0   ROM Totals

==============================================================================

    Total RO  Size (Code + RO Data)                26840 (  26.21kB)
    Total RW  Size (RW Data + ZI Data)              4952 (   4.84kB)
    Total ROM Size (Code + RO Data + RW Data)      27016 (  26.38kB)

==============================================================================

